Archive member included to satisfy reference by file (symbol)

C:\Users\Nick\Documents\MCUXpressoIDE_10.0.2_411\workspace\lpc_board_nxp_lpcxpresso_1549\Debug\liblpc_board_nxp_lpcxpresso_1549.a(board.o)
                              ./src/syslog.o (Board_UARTPutChar)
C:\Users\Nick\Documents\MCUXpressoIDE_10.0.2_411\workspace\lpc_board_nxp_lpcxpresso_1549\Debug\liblpc_board_nxp_lpcxpresso_1549.a(board_sysinit.o)
                              ./src/sysinit.o (Board_SystemInit)
C:\Users\Nick\Documents\MCUXpressoIDE_10.0.2_411\workspace\lpc_chip_15xx\Debug\liblpc_chip_15xx.a(chip_15xx.o)
                              ./src/lab3.o (SystemCoreClockUpdate)
C:\Users\Nick\Documents\MCUXpressoIDE_10.0.2_411\workspace\lpc_chip_15xx\Debug\liblpc_chip_15xx.a(clock_15xx.o)
                              C:\Users\Nick\Documents\MCUXpressoIDE_10.0.2_411\workspace\lpc_board_nxp_lpcxpresso_1549\Debug\liblpc_board_nxp_lpcxpresso_1549.a(board.o) (Chip_Clock_GetMainClockRate)
C:\Users\Nick\Documents\MCUXpressoIDE_10.0.2_411\workspace\lpc_chip_15xx\Debug\liblpc_chip_15xx.a(gpio_15xx.o)
                              C:\Users\Nick\Documents\MCUXpressoIDE_10.0.2_411\workspace\lpc_board_nxp_lpcxpresso_1549\Debug\liblpc_board_nxp_lpcxpresso_1549.a(board.o) (Chip_GPIO_Init)
C:\Users\Nick\Documents\MCUXpressoIDE_10.0.2_411\workspace\lpc_chip_15xx\Debug\liblpc_chip_15xx.a(iocon_15xx.o)
                              C:\Users\Nick\Documents\MCUXpressoIDE_10.0.2_411\workspace\lpc_board_nxp_lpcxpresso_1549\Debug\liblpc_board_nxp_lpcxpresso_1549.a(board_sysinit.o) (Chip_IOCON_SetPinMuxing)
C:\Users\Nick\Documents\MCUXpressoIDE_10.0.2_411\workspace\lpc_chip_15xx\Debug\liblpc_chip_15xx.a(sct_15xx.o)
                              ./src/lab3.o (Chip_SCT_Init)
C:\Users\Nick\Documents\MCUXpressoIDE_10.0.2_411\workspace\lpc_chip_15xx\Debug\liblpc_chip_15xx.a(swm_15xx.o)
                              C:\Users\Nick\Documents\MCUXpressoIDE_10.0.2_411\workspace\lpc_board_nxp_lpcxpresso_1549\Debug\liblpc_board_nxp_lpcxpresso_1549.a(board.o) (Chip_SWM_MovablePinAssign)
C:\Users\Nick\Documents\MCUXpressoIDE_10.0.2_411\workspace\lpc_chip_15xx\Debug\liblpc_chip_15xx.a(sysctl_15xx.o)
                              C:\Users\Nick\Documents\MCUXpressoIDE_10.0.2_411\workspace\lpc_board_nxp_lpcxpresso_1549\Debug\liblpc_board_nxp_lpcxpresso_1549.a(board_sysinit.o) (Chip_SYSCTL_AssertPeriphReset)
C:\Users\Nick\Documents\MCUXpressoIDE_10.0.2_411\workspace\lpc_chip_15xx\Debug\liblpc_chip_15xx.a(sysinit_15xx.o)
                              C:\Users\Nick\Documents\MCUXpressoIDE_10.0.2_411\workspace\lpc_board_nxp_lpcxpresso_1549\Debug\liblpc_board_nxp_lpcxpresso_1549.a(board_sysinit.o) (Chip_SetupXtalClocking)
C:\Users\Nick\Documents\MCUXpressoIDE_10.0.2_411\workspace\lpc_chip_15xx\Debug\liblpc_chip_15xx.a(uart_15xx.o)
                              C:\Users\Nick\Documents\MCUXpressoIDE_10.0.2_411\workspace\lpc_board_nxp_lpcxpresso_1549\Debug\liblpc_board_nxp_lpcxpresso_1549.a(board.o) (Chip_UART_Init)
C:\Users\Nick\Documents\MCUXpressoIDE_10.0.2_411\workspace\lpc_chip_15xx\Debug\liblpc_chip_15xx.a(ring_buffer.o)
                              C:\Users\Nick\Documents\MCUXpressoIDE_10.0.2_411\workspace\lpc_chip_15xx\Debug\liblpc_chip_15xx.a(uart_15xx.o) (RingBuffer_Insert)
C:\Users\Nick\Documents\MCUXpressoIDE_10.0.2_411\workspace\freertos\Debug\libfreertos.a(queue.o)
                              ./src/lab3.o (xQueueGenericCreate)
C:\Users\Nick\Documents\MCUXpressoIDE_10.0.2_411\workspace\freertos\Debug\libfreertos.a(tasks.o)
                              ./src/lab3.o (xTaskGenericCreate)
C:\Users\Nick\Documents\MCUXpressoIDE_10.0.2_411\workspace\freertos\Debug\libfreertos.a(FreeRTOSCommonHooks.o)
                              C:\Users\Nick\Documents\MCUXpressoIDE_10.0.2_411\workspace\freertos\Debug\libfreertos.a(tasks.o) (vApplicationStackOverflowHook)
C:\Users\Nick\Documents\MCUXpressoIDE_10.0.2_411\workspace\freertos\Debug\libfreertos.a(heap_3.o)
                              C:\Users\Nick\Documents\MCUXpressoIDE_10.0.2_411\workspace\freertos\Debug\libfreertos.a(queue.o) (pvPortMalloc)
C:\Users\Nick\Documents\MCUXpressoIDE_10.0.2_411\workspace\freertos\Debug\libfreertos.a(list.o)
                              C:\Users\Nick\Documents\MCUXpressoIDE_10.0.2_411\workspace\freertos\Debug\libfreertos.a(queue.o) (vListInitialise)
C:\Users\Nick\Documents\MCUXpressoIDE_10.0.2_411\workspace\freertos\Debug\libfreertos.a(port.o)
                              C:\Users\Nick\Documents\MCUXpressoIDE_10.0.2_411\workspace\freertos\Debug\libfreertos.a(tasks.o) (pxPortInitialiseStack)
c:/nxp/mcuxpressoide_10.0.2_411/ide/tools/bin/../lib/gcc/arm-none-eabi/5.4.1/armv7-m\libgcc.a(_aeabi_uldivmod.o)
                              C:\Users\Nick\Documents\MCUXpressoIDE_10.0.2_411\workspace\lpc_chip_15xx\Debug\liblpc_chip_15xx.a(clock_15xx.o) (__aeabi_uldivmod)
c:/nxp/mcuxpressoide_10.0.2_411/ide/tools/bin/../lib/gcc/arm-none-eabi/5.4.1/armv7-m\libgcc.a(_udivmoddi4.o)
[...]
Memory Configuration

Name             Origin             Length             Attributes
MFlash256        0x00000000         0x00040000         xr
Ram0_16_32       0x02000000         0x00008000         xrw
Ram2_4           0x02008000         0x00001000         xrw
*default*        0x00000000         0xffffffff

Linker script and memory map

LOAD ./src/DigitalIOPin.o
LOAD ./src/Fmutex.o
LOAD ./src/cr_cpp_config.o
LOAD ./src/cr_startup_lpc15xx.o
LOAD ./src/crp.o
LOAD ./src/lab3.o
LOAD ./src/sysinit.o
LOAD ./src/syslog.o
LOAD C:\Users\Nick\Documents\MCUXpressoIDE_10.0.2_411\workspace\lpc_board_nxp_lpcxpresso_1549\Debug\liblpc_board_nxp_lpcxpresso_1549.a
LOAD C:\Users\Nick\Documents\MCUXpressoIDE_10.0.2_411\workspace\lpc_chip_15xx\Debug\liblpc_chip_15xx.a
LOAD C:\Users\Nick\Documents\MCUXpressoIDE_10.0.2_411\workspace\freertos\Debug\libfreertos.a
START GROUP
LOAD c:/nxp/mcuxpressoide_10.0.2_411/ide/tools/bin/../lib/gcc/arm-none-eabi/5.4.1/armv7-m\libgcc.a
LOAD c:/nxp/mcuxpressoide_10.0.2_411/ide/tools/bin/../lib/gcc/arm-none-eabi/5.4.1/../../../../arm-none-eabi/lib/armv7-m\libc.a
LOAD c:/nxp/mcuxpressoide_10.0.2_411/ide/tools/bin/../lib/gcc/arm-none-eabi/5.4.1/../../../../arm-none-eabi/lib/armv7-m\libstdc++.a
LOAD c:/nxp/mcuxpressoide_10.0.2_411/ide/tools/bin/../lib/gcc/arm-none-eabi/5.4.1/../../../../arm-none-eabi/lib/armv7-m\libm.a
LOAD c:/nxp/mcuxpressoide_10.0.2_411/ide/tools/bin/../lib/gcc/arm-none-eabi/5.4.1/../../../../arm-none-eabi/lib/armv7-m\libcr_newlib_nohost.a
LOAD c:/nxp/mcuxpressoide_10.0.2_411/ide/tools/bin/../lib/gcc/arm-none-eabi/5.4.1/armv7-m\crti.o
LOAD c:/nxp/mcuxpressoide_10.0.2_411/ide/tools/bin/../lib/gcc/arm-none-eabi/5.4.1/armv7-m\crtn.o
LOAD c:/nxp/mcuxpressoide_10.0.2_411/ide/tools/bin/../lib/gcc/arm-none-eabi/5.4.1/armv7-m\crtbegin.o
LOAD c:/nxp/mcuxpressoide_10.0.2_411/ide/tools/bin/../lib/gcc/arm-none-eabi/5.4.1/armv7-m\crtend.o
END GROUP
                0x00000000                __base_MFlash256 = 0x0
                0x00000000                __base_Flash = 0x0
                0x00040000                __top_MFlash256 = 0x40000
                0x00040000                __top_Flash = 0x40000
                0x02000000                __base_Ram0_16_32 = 0x2000000
                0x02000000                __base_RAM = 0x2000000
                0x02008000                __top_Ram0_16_32 = 0x2008000
                0x02008000                __top_RAM = 0x2008000
                0x02008000                __base_Ram2_4 = 0x2008000
                0x02008000                __base_RAM2 = 0x2008000
                0x02009000                __top_Ram2_4 = 0x2009000
                0x02009000                __top_RAM2 = 0x2009000

.text           0x00000000     0x896c
 FILL mask 0xff
                0x00000000                __vectors_start__ = ABSOLUTE (.)
 *(.isr_vector)
 .isr_vector    0x00000000       0xfc ./src/cr_startup_lpc15xx.o
                0x00000000                g_pfnVectors
                0x000000fc                . = ALIGN (0x4)
                0x000000fc                __section_table_start = .
                0x000000fc                __data_section_table = .
                0x000000fc        0x4 LONG 0x8974 LOADADDR (.data)
                0x00000100        0x4 LONG 0x2000000 ADDR (.data)
                0x00000104        0x4 LONG 0x9b4 SIZEOF (.data)
                0x00000108        0x4 LONG 0x8974 LOADADDR (.data_RAM2)
                0x0000010c        0x4 LONG 0x2008000 ADDR (.data_RAM2)
                0x00000110        0x4 LONG 0x0 SIZEOF (.data_RAM2)
                0x00000114                __data_section_table_end = .
                0x00000114                __bss_section_table = .
                0x00000114        0x4 LONG 0x20009b4 ADDR (.bss)
                0x00000118        0x4 LONG 0x1f8 SIZEOF (.bss)
                0x0000011c        0x4 LONG 0x2008000 ADDR (.bss_RAM2)
                0x00000120        0x4 LONG 0x0 SIZEOF (.bss_RAM2)
                0x00000124                __bss_section_table_end = .
                0x00000124                __section_table_end = .
 *(.after_vectors*)
 .after_vectors
                0x00000124      0x158 ./src/cr_startup_lpc15xx.o
                0x00000124                data_init(unsigned int, unsigned int, unsigned int)
                0x00000168                bss_init(unsigned int, unsigned int)
                0x000001a0                ResetISR
                0x0000022c                NMI_Handler
                0x00000234                HardFault_Handler
                0x0000023c                MemManage_Handler
                0x00000244                BusFault_Handler
                0x0000024c                UsageFault_Handler
                0x0000025c                DebugMon_Handler
                0x00000274                UART1_IRQHandler
                0x00000274                RTC_WAKE_IRQHandler
                0x00000274                UART0_IRQHandler
                0x00000274                MRT_IRQHandler
                0x00000274                ADC1_THCMP_IRQHandler
                0x00000274                SPI1_IRQHandler
                0x00000274                PIN_INT6_IRQHandler
                0x00000274                IntDefaultHandler
                0x00000274                PIN_INT4_IRQHandler
                0x00000274                CAN_IRQHandler
                0x00000274                RTC_ALARM_IRQHandler
                0x00000274                ADC1B_IRQHandler
                0x00000274                ADC1_OVR_IRQHandler
                0x00000274                USBWakeup_IRQHandler
                0x00000274                UART2_IRQHandler
                0x00000274                ADC0_OVR_IRQHandler
                0x00000274                SCT1_IRQHandler
                0x00000274                PIN_INT2_IRQHandler
                0x00000274                USB_FIQHandler
                0x00000274                SCT3_IRQHandler
                0x00000274                PIN_INT7_IRQHandler
                0x00000274                I2C0_IRQHandler
                0x00000274                PIN_INT1_IRQHandler
                0x00000274                USB_IRQHandler
                0x00000274                BOD_IRQHandler
                0x00000274                ADC0B_IRQHandler
                0x00000274                ACMP0_IRQHandler
                0x00000274                RIT_IRQHandler
                0x00000274                SCT2_IRQHandler
                0x00000274                WDT_IRQHandler
                0x00000274                PIN_INT0_IRQHandler
                0x00000274                QEI_IRQHandler
                0x00000274                ACMP3_IRQHandler
                0x00000274                GINT0_IRQHandler
                0x00000274                DAC_IRQHandler
                0x00000274                SPI0_IRQHandler
                0x00000274                EEPROM_IRQHandler
                0x00000274                ACMP2_IRQHandler
                0x00000274                PIN_INT5_IRQHandler
                0x00000274                ADC1A_IRQHandler
                0x00000274                DMA_IRQHandler
                0x00000274                PIN_INT3_IRQHandler
                0x00000274                ACMP1_IRQHandler
                0x00000274                SCT0_IRQHandler
                0x00000274                ADC0A_IRQHandler
                0x00000274                FMC_IRQHandler
                0x00000274                GINT1_IRQHandler
                0x00000274                ADC0_THCMP_IRQHandler
 *(.text*)
 .text.Chip_IOCON_PinMuxSet
                0x0000027c       0x2c ./src/DigitalIOPin.o
 .text.Chip_GPIO_GetPinState
                0x000002a8       0x34 ./src/DigitalIOPin.o
 .text.Chip_GPIO_SetPinDIROutput
                0x000002dc       0x3c ./src/DigitalIOPin.o
 .text.Chip_GPIO_SetPinDIRInput
                0x00000318       0x40 ./src/DigitalIOPin.o
 .text._ZN12DigitalIoPinC2Eiibbb
                0x00000358       0x70 ./src/DigitalIOPin.o
                0x00000358                DigitalIoPin::DigitalIoPin(int, int, bool, bool, bool)
                0x00000358                DigitalIoPin::DigitalIoPin(int, int, bool, bool, bool)
 .text._ZN12DigitalIoPin4readEv
                0x000003c8       0x34 ./src/DigitalIOPin.o
                0x000003c8                DigitalIoPin::read()
 .text._ZdlPv   0x000003fc       0x18 ./src/cr_cpp_config.o
                0x000003fc                operator delete(void*)
 .text.__aeabi_atexit
                0x00000414       0x18 ./src/cr_cpp_config.o
                0x00000414                __aeabi_atexit
 .text._ZL16prvSetupHardwarev
                0x0000042c       0x18 ./src/lab3.o
 .text._ZL9vEchoTaskPv
                0x00000444       0x70 ./src/lab3.o
 .text._ZL8vSWTask1Pv
                0x000004b4       0x70 ./src/lab3.o
 .text._ZL10vPrintTaskPv
                0x00000524       0x48 ./src/lab3.o
 .text.vConfigureTimerForRunTimeStats
                0x0000056c       0x20 ./src/lab3.o
                0x0000056c                vConfigureTimerForRunTimeStats
 .text.main     0x0000058c       0xa8 ./src/lab3.o
                0x0000058c                main
 .text._Z41__static_initialization_and_destruction_0ii
                0x00000634       0x40 ./src/lab3.o
 .text._GLOBAL__sub_I_countNumber
                0x00000674       0x10 ./src/lab3.o
 .text.SystemInit
                0x00000684        0xc ./src/sysinit.o
                0x00000684                SystemInit
 .text._ZN6SyslogC2Ev
                0x00000690       0x28 ./src/syslog.o
                0x00000690                Syslog::Syslog()
                0x00000690                Syslog::Syslog()
 .text._ZN6SyslogD2Ev
                0x000006b8       0x34 ./src/syslog.o
                0x000006b8                Syslog::~Syslog()
                0x000006b8                Syslog::~Syslog()
 .text._ZN6SyslogD0Ev
                0x000006ec       0x20 ./src/syslog.o
                0x000006ec                Syslog::~Syslog()
 .text._ZN6Syslog5writeEPKc
                0x0000070c       0x48 ./src/syslog.o
                0x0000070c                Syslog::write(char const*)
 .text._ZN6Syslog9writeCharEc
                0x00000754       0x4c ./src/syslog.o
                0x00000754                Syslog::writeChar(char)
 .text.Chip_IOCON_PinMuxSet
                0x000007a0       0x2c C:\Users\Nick\Documents\MCUXpressoIDE_10.0.2_411\workspace\lpc_board_nxp_lpcxpresso_1549\Debug\liblpc_board_nxp_lpcxpresso_1549.a(board.o)
 .text.Chip_SWM_MovablePortPinAssign
                0x000007cc       0x30 C:\Users\Nick\Documents\MCUXpressoIDE_10.0.2_411\workspace\lpc_board_nxp_lpcxpresso_1549\Debug\liblpc_board_nxp_lpcxpresso_1549.a(board.o)
 .text.Chip_GPIO_SetPinState
                0x000007fc       0x38 C:\Users\Nick\Documents\MCUXpressoIDE_10.0.2_411\workspace\lpc_board_nxp_lpcxpresso_1549\Debug\liblpc_board_nxp_lpcxpresso_1549.a(board.o)
 .text.Chip_GPIO_SetPinDIROutput
                0x00000834       0x3c C:\Users\Nick\Documents\MCUXpressoIDE_10.0.2_411\workspace\lpc_board_nxp_lpcxpresso_1549\Debug\liblpc_board_nxp_lpcxpresso_1549.a(board.o)
 .text.Chip_UART_Enable
                0x00000870       0x20 C:\Users\Nick\Documents\MCUXpressoIDE_10.0.2_411\workspace\lpc_board_nxp_lpcxpresso_1549\Debug\liblpc_board_nxp_lpcxpresso_1549.a(board.o)
 .text.Chip_UART_TXEnable
                0x00000890       0x20 C:\Users\Nick\Documents\MCUXpressoIDE_10.0.2_411\workspace\lpc_board_nxp_lpcxpresso_1549\Debug\liblpc_board_nxp_lpcxpresso_1549.a(board.o)
 .text.Chip_UART_ConfigData
                0x000008b0       0x28 C:\Users\Nick\Documents\MCUXpressoIDE_10.0.2_411\workspace\lpc_board_nxp_lpcxpresso_1549\Debug\liblpc_board_nxp_lpcxpresso_1549.a(board.o)
 .text._write   0x000008d8       0x38 C:\Users\Nick\Documents\MCUXpressoIDE_10.0.2_411\workspace\lpc_board_nxp_lpcxpresso_1549\Debug\liblpc_board_nxp_lpcxpresso_1549.a(board.o)
                0x000008d8                _write
 .text._read    0x00000910       0x48 C:\Users\Nick\Documents\MCUXpressoIDE_10.0.2_411\workspace\lpc_board_nxp_lpcxpresso_1549\Debug\liblpc_board_nxp_lpcxpresso_1549.a(board.o)
                0x00000910                _read
 .text.Board_UARTPutChar
                0x00000958       0x24 C:\Users\Nick\Documents\MCUXpressoIDE_10.0.2_411\workspace\lpc_board_nxp_lpcxpresso_1549\Debug\liblpc_board_nxp_lpcxpresso_1549.a(board.o)
                0x00000958                Board_UARTPutChar
 .text.Board_UARTGetChar
                0x0000097c       0x2c C:\Users\Nick\Documents\MCUXpressoIDE_10.0.2_411\workspace\lpc_board_nxp_lpcxpresso_1549\Debug\liblpc_board_nxp_lpcxpresso_1549.a(board.o)
                0x0000097c                Board_UARTGetChar
 .text.Board_UARTPutSTR
                0x000009a8       0x28 C:\Users\Nick\Documents\MCUXpressoIDE_10.0.2_411\workspace\lpc_board_nxp_lpcxpresso_1549\Debug\liblpc_board_nxp_lpcxpresso_1549.a(board.o)
                0x000009a8                Board_UARTPutSTR
 .text.Board_Debug_Init
                0x000009d0       0x70 C:\Users\Nick\Documents\MCUXpressoIDE_10.0.2_411\workspace\lpc_board_nxp_lpcxpresso_1549\Debug\liblpc_board_nxp_lpcxpresso_1549.a(board.o)
                0x000009d0                Board_Debug_Init
 .text.Board_LED_Init
                0x00000a40       0x5c C:\Users\Nick\Documents\MCUXpressoIDE_10.0.2_411\workspace\lpc_board_nxp_lpcxpresso_1549\Debug\liblpc_board_nxp_lpcxpresso_1549.a(board.o)
 .text.Board_LED_Set
                0x00000a9c       0x54 C:\Users\Nick\Documents\MCUXpressoIDE_10.0.2_411\workspace\lpc_board_nxp_lpcxpresso_1549\Debug\liblpc_board_nxp_lpcxpresso_1549.a(board.o)
                0x00000a9c                Board_LED_Set
 .text.Board_Init
                0x00000af0       0x18 C:\Users\Nick\Documents\MCUXpressoIDE_10.0.2_411\workspace\lpc_board_nxp_lpcxpresso_1549\Debug\liblpc_board_nxp_lpcxpresso_1549.a(board.o)
                0x00000af0                Board_Init
 .text.Chip_SYSCTL_PeriphReset
                0x00000b08       0x24 C:\Users\Nick\Documents\MCUXpressoIDE_10.0.2_411\workspace\lpc_board_nxp_lpcxpresso_1549\Debug\liblpc_board_nxp_lpcxpresso_1549.a(board_sysinit.o)
 .text.Chip_Clock_SetUSBPLLSource
                0x00000b2c       0x20 C:\Users\Nick\Documents\MCUXpressoIDE_10.0.2_411\workspace\lpc_board_nxp_lpcxpresso_1549\Debug\liblpc_board_nxp_lpcxpresso_1549.a(board_sysinit.o)
 .text.Chip_Clock_SetupUSBPLL
                0x00000b4c       0x34 C:\Users\Nick\Documents\MCUXpressoIDE_10.0.2_411\workspace\lpc_board_nxp_lpcxpresso_1549\Debug\liblpc_board_nxp_lpcxpresso_1549.a(board_sysinit.o)
 .text.Chip_Clock_IsUSBPLLLocked
                0x00000b80       0x24 C:\Users\Nick\Documents\MCUXpressoIDE_10.0.2_411\workspace\lpc_board_nxp_lpcxpresso_1549\Debug\liblpc_board_nxp_lpcxpresso_1549.a(board_sysinit.o)
 .text.Chip_Clock_SetSysTickClockDiv
                0x00000ba4       0x20 C:\Users\Nick\Documents\MCUXpressoIDE_10.0.2_411\workspace\lpc_board_nxp_lpcxpresso_1549\Debug\liblpc_board_nxp_lpcxpresso_1549.a(board_sysinit.o)
 .text.Chip_SWM_MovablePortPinAssign
                0x00000bc4       0x30 C:\Users\Nick\Documents\MCUXpressoIDE_10.0.2_411\workspace\lpc_board_nxp_lpcxpresso_1549\Debug\liblpc_board_nxp_lpcxpresso_1549.a(board_sysinit.o)
 .text.Board_SetupMuxing
                0x00000bf4       0x80 C:\Users\Nick\Documents\MCUXpressoIDE_10.0.2_411\workspace\lpc_board_nxp_lpcxpresso_1549\Debug\liblpc_board_nxp_lpcxpresso_1549.a(board_sysinit.o)
                0x00000bf4                Board_SetupMuxing
 .text.Board_SetupClocking
                0x00000c74       0x3c C:\Users\Nick\Documents\MCUXpressoIDE_10.0.2_411\workspace\lpc_board_nxp_lpcxpresso_1549\Debug\liblpc_board_nxp_lpcxpresso_1549.a(board_sysinit.o)
                0x00000c74                Board_SetupClocking
 .text.Board_SystemInit
                0x00000cb0       0x1c C:\Users\Nick\Documents\MCUXpressoIDE_10.0.2_411\workspace\lpc_board_nxp_lpcxpresso_1549\Debug\liblpc_board_nxp_lpcxpresso_1549.a(board_sysinit.o)
                0x00000cb0                Board_SystemInit
 .text.SystemCoreClockUpdate
                0x00000ccc       0x18 C:\Users\Nick\Documents\MCUXpressoIDE_10.0.2_411\workspace\lpc_chip_15xx\Debug\liblpc_chip_15xx.a(chip_15xx.o)
                0x00000ccc                SystemCoreClockUpdate
 .text.Chip_Clock_SetMain_A_ClockSource
                0x00000ce4       0x20 C:\Users\Nick\Documents\MCUXpressoIDE_10.0.2_411\workspace\lpc_chip_15xx\Debug\liblpc_chip_15xx.a(clock_15xx.o)
 .text.Chip_Clock_GetMain_A_ClockSource
                0x00000d04       0x18 C:\Users\Nick\Documents\MCUXpressoIDE_10.0.2_411\workspace\lpc_chip_15xx\Debug\liblpc_chip_15xx.a(clock_15xx.o)
 .text.Chip_Clock_SetMain_B_ClockSource
                0x00000d1c       0x20 C:\Users\Nick\Documents\MCUXpressoIDE_10.0.2_411\workspace\lpc_chip_15xx\Debug\liblpc_chip_15xx.a(clock_15xx.o)
 .text.Chip_Clock_GetMain_B_ClockSource
                0x00000d3c       0x18 C:\Users\Nick\Documents\MCUXpressoIDE_10.0.2_411\workspace\lpc_chip_15xx\Debug\liblpc_chip_15xx.a(clock_15xx.o)
 .text.Chip_Clock_SetUARTFRGDivider
                0x00000d54       0x20 C:\Users\Nick\Documents\MCUXpressoIDE_10.0.2_411\workspace\lpc_chip_15xx\Debug\liblpc_chip_15xx.a(clock_15xx.o)
 .text.Chip_Clock_GetUARTFRGDivider
                0x00000d74       0x18 C:\Users\Nick\Documents\MCUXpressoIDE_10.0.2_411\workspace\lpc_chip_15xx\Debug\liblpc_chip_15xx.a(clock_15xx.o)
 .text.Chip_Clock_GetMainOscRate
                0x00000d8c       0x14 C:\Users\Nick\Documents\MCUXpressoIDE_10.0.2_411\workspace\lpc_chip_15xx\Debug\liblpc_chip_15xx.a(clock_15xx.o)
 .text.Chip_Clock_GetIntOscRate
                0x00000da0       0x14 C:\Users\Nick\Documents\MCUXpressoIDE_10.0.2_411\workspace\lpc_chip_15xx\Debug\liblpc_chip_15xx.a(clock_15xx.o)
 .text.Chip_Clock_GetRTCOscRate
                0x00000db4       0x14 C:\Users\Nick\Documents\MCUXpressoIDE_10.0.2_411\workspace\lpc_chip_15xx\Debug\liblpc_chip_15xx.a(clock_15xx.o)
 .text.Chip_Clock_GetWDTOSCRate
                0x00000dc8       0x14 C:\Users\Nick\Documents\MCUXpressoIDE_10.0.2_411\workspace\lpc_chip_15xx\Debug\liblpc_chip_15xx.a(clock_15xx.o)
 .text.Chip_Clock_GetPLLFreq
                0x00000ddc       0x28 C:\Users\Nick\Documents\MCUXpressoIDE_10.0.2_411\workspace\lpc_chip_15xx\Debug\liblpc_chip_15xx.a(clock_15xx.o)
 .text.Chip_Clock_GetPLLInClockRate
                0x00000e04       0x38 C:\Users\Nick\Documents\MCUXpressoIDE_10.0.2_411\workspace\lpc_chip_15xx\Debug\liblpc_chip_15xx.a(clock_15xx.o)
 .text.Chip_Clock_GetSystemPLLInClockRate
                0x00000e3c       0x1c C:\Users\Nick\Documents\MCUXpressoIDE_10.0.2_411\workspace\lpc_chip_15xx\Debug\liblpc_chip_15xx.a(clock_15xx.o)
                0x00000e3c                Chip_Clock_GetSystemPLLInClockRate
 .text.Chip_Clock_GetSystemPLLOutClockRate
                0x00000e58       0x24 C:\Users\Nick\Documents\MCUXpressoIDE_10.0.2_411\workspace\lpc_chip_15xx\Debug\liblpc_chip_15xx.a(clock_15xx.o)
                0x00000e58                Chip_Clock_GetSystemPLLOutClockRate
 .text.Chip_Clock_GetMain_A_ClockRate
                0x00000e7c       0x44 C:\Users\Nick\Documents\MCUXpressoIDE_10.0.2_411\workspace\lpc_chip_15xx\Debug\liblpc_chip_15xx.a(clock_15xx.o)
                0x00000e7c                Chip_Clock_GetMain_A_ClockRate
 .text.Chip_Clock_GetMain_B_ClockRate
                0x00000ec0       0x58 C:\Users\Nick\Documents\MCUXpressoIDE_10.0.2_411\workspace\lpc_chip_15xx\Debug\liblpc_chip_15xx.a(clock_15xx.o)
                0x00000ec0                Chip_Clock_GetMain_B_ClockRate
 .text.Chip_Clock_SetMainClockSource
                0x00000f18       0x3c C:\Users\Nick\Documents\MCUXpressoIDE_10.0.2_411\workspace\lpc_chip_15xx\Debug\liblpc_chip_15xx.a(clock_15xx.o)
                0x00000f18                Chip_Clock_SetMainClockSource
 .text.Chip_Clock_GetMainClockRate
                0x00000f54       0x28 C:\Users\Nick\Documents\MCUXpressoIDE_10.0.2_411\workspace\lpc_chip_15xx\Debug\liblpc_chip_15xx.a(clock_15xx.o)
                0x00000f54                Chip_Clock_GetMainClockRate
 .text.Chip_Clock_EnablePeriphClock
                0x00000f7c       0x54 C:\Users\Nick\Documents\MCUXpressoIDE_10.0.2_411\workspace\lpc_chip_15xx\Debug\liblpc_chip_15xx.a(clock_15xx.o)
                0x00000f7c                Chip_Clock_EnablePeriphClock
 .text.Chip_Clock_GetUARTBaseClockRate
                0x00000fd0       0x88 C:\Users\Nick\Documents\MCUXpressoIDE_10.0.2_411\workspace\lpc_chip_15xx\Debug\liblpc_chip_15xx.a(clock_15xx.o)
                0x00000fd0                Chip_Clock_GetUARTBaseClockRate
 .text.Chip_Clock_SetUARTBaseClockRate
                0x00001058       0xa0 C:\Users\Nick\Documents\MCUXpressoIDE_10.0.2_411\workspace\lpc_chip_15xx\Debug\liblpc_chip_15xx.a(clock_15xx.o)
                0x00001058                Chip_Clock_SetUARTBaseClockRate
 .text.Chip_Clock_GetSystemClockRate
                0x000010f8       0x1c C:\Users\Nick\Documents\MCUXpressoIDE_10.0.2_411\workspace\lpc_chip_15xx\Debug\liblpc_chip_15xx.a(clock_15xx.o)
                0x000010f8                Chip_Clock_GetSystemClockRate
 .text.Chip_SYSCTL_PeriphReset
                0x00001114       0x24 C:\Users\Nick\Documents\MCUXpressoIDE_10.0.2_411\workspace\lpc_chip_15xx\Debug\liblpc_chip_15xx.a(gpio_15xx.o)
 .text.Chip_GPIO_Init
                0x00001138       0x30 C:\Users\Nick\Documents\MCUXpressoIDE_10.0.2_411\workspace\lpc_chip_15xx\Debug\liblpc_chip_15xx.a(gpio_15xx.o)
                0x00001138                Chip_GPIO_Init
 .text.Chip_IOCON_PinMuxSet
                0x00001168       0x2c C:\Users\Nick\Documents\MCUXpressoIDE_10.0.2_411\workspace\lpc_chip_15xx\Debug\liblpc_chip_15xx.a(iocon_15xx.o)
 .text.Chip_IOCON_SetPinMuxing
                0x00001194       0x50 C:\Users\Nick\Documents\MCUXpressoIDE_10.0.2_411\workspace\lpc_chip_15xx\Debug\liblpc_chip_15xx.a(iocon_15xx.o)
                0x00001194                Chip_IOCON_SetPinMuxing
 .text.Chip_SYSCTL_PeriphReset
                0x000011e4       0x24 C:\Users\Nick\Documents\MCUXpressoIDE_10.0.2_411\workspace\lpc_chip_15xx\Debug\liblpc_chip_15xx.a(sct_15xx.o)
 .text.Chip_SCT_Init
                0x00001208       0x3c C:\Users\Nick\Documents\MCUXpressoIDE_10.0.2_411\workspace\lpc_chip_15xx\Debug\liblpc_chip_15xx.a(sct_15xx.o)
                0x00001208                Chip_SCT_Init
 .text.Chip_SWM_MovablePinAssign
                0x00001244       0x5c C:\Users\Nick\Documents\MCUXpressoIDE_10.0.2_411\workspace\lpc_chip_15xx\Debug\liblpc_chip_15xx.a(swm_15xx.o)
                0x00001244                Chip_SWM_MovablePinAssign
 .text.Chip_SYSCTL_AssertPeriphReset
                0x000012a0       0x48 C:\Users\Nick\Documents\MCUXpressoIDE_10.0.2_411\workspace\lpc_chip_15xx\Debug\liblpc_chip_15xx.a(sysctl_15xx.o)
                0x000012a0                Chip_SYSCTL_AssertPeriphReset
 .text.Chip_SYSCTL_DeassertPeriphReset
                0x000012e8       0x4c C:\Users\Nick\Documents\MCUXpressoIDE_10.0.2_411\workspace\lpc_chip_15xx\Debug\liblpc_chip_15xx.a(sysctl_15xx.o)
                0x000012e8                Chip_SYSCTL_DeassertPeriphReset
 .text.Chip_SYSCTL_PowerDown
                0x00001334       0x40 C:\Users\Nick\Documents\MCUXpressoIDE_10.0.2_411\workspace\lpc_chip_15xx\Debug\liblpc_chip_15xx.a(sysctl_15xx.o)
                0x00001334                Chip_SYSCTL_PowerDown
 .text.Chip_SYSCTL_PowerUp
                0x00001374       0x40 C:\Users\Nick\Documents\MCUXpressoIDE_10.0.2_411\workspace\lpc_chip_15xx\Debug\liblpc_chip_15xx.a(sysctl_15xx.o)
                0x00001374                Chip_SYSCTL_PowerUp
 .text.Chip_FMC_SetFLASHAccess
                0x000013b4       0x38 C:\Users\Nick\Documents\MCUXpressoIDE_10.0.2_411\workspace\lpc_chip_15xx\Debug\liblpc_chip_15xx.a(sysinit_15xx.o)
 .text.Chip_Clock_SetSystemPLLSource
                0x000013ec       0x20 C:\Users\Nick\Documents\MCUXpressoIDE_10.0.2_411\workspace\lpc_chip_15xx\Debug\liblpc_chip_15xx.a(sysinit_15xx.o)
 .text.Chip_Clock_SetupSystemPLL
                0x0000140c       0x34 C:\Users\Nick\Documents\MCUXpressoIDE_10.0.2_411\workspace\lpc_chip_15xx\Debug\liblpc_chip_15xx.a(sysinit_15xx.o)
 .text.Chip_Clock_IsSystemPLLLocked
                0x00001440       0x24 C:\Users\Nick\Documents\MCUXpressoIDE_10.0.2_411\workspace\lpc_chip_15xx\Debug\liblpc_chip_15xx.a(sysinit_15xx.o)
 .text.Chip_Clock_SetSysClockDiv
                0x00001464       0x20 C:\Users\Nick\Documents\MCUXpressoIDE_10.0.2_411\workspace\lpc_chip_15xx\Debug\liblpc_chip_15xx.a(sysinit_15xx.o)
 .text.Chip_SetupXtalClocking
                0x00001484       0x6c C:\Users\Nick\Documents\MCUXpressoIDE_10.0.2_411\workspace\lpc_chip_15xx\Debug\liblpc_chip_15xx.a(sysinit_15xx.o)
                0x00001484                Chip_SetupXtalClocking
 .text.Chip_SYSCTL_PeriphReset
                0x000014f0       0x24 C:\Users\Nick\Documents\MCUXpressoIDE_10.0.2_411\workspace\lpc_chip_15xx\Debug\liblpc_chip_15xx.a(uart_15xx.o)
 .text.Chip_UART_SendByte
                0x00001514       0x1c C:\Users\Nick\Documents\MCUXpressoIDE_10.0.2_411\workspace\lpc_chip_15xx\Debug\liblpc_chip_15xx.a(uart_15xx.o)
 .text.Chip_UART_ReadByte
                0x00001530       0x1c C:\Users\Nick\Documents\MCUXpressoIDE_10.0.2_411\workspace\lpc_chip_15xx\Debug\liblpc_chip_15xx.a(uart_15xx.o)
 .text.Chip_UART_GetStatus
                0x0000154c       0x18 C:\Users\Nick\Documents\MCUXpressoIDE_10.0.2_411\workspace\lpc_chip_15xx\Debug\liblpc_chip_15xx.a(uart_15xx.o)
 .text.getUARTClockID
                0x00001564       0x34 C:\Users\Nick\Documents\MCUXpressoIDE_10.0.2_411\workspace\lpc_chip_15xx\Debug\liblpc_chip_15xx.a(uart_15xx.o)
 .text.Chip_UART_Init
                0x00001598       0x4c C:\Users\Nick\Documents\MCUXpressoIDE_10.0.2_411\workspace\lpc_chip_15xx\Debug\liblpc_chip_15xx.a(uart_15xx.o)
                0x00001598                Chip_UART_Init
 .text.Chip_UART_Send
                0x000015e4       0x50 C:\Users\Nick\Documents\MCUXpressoIDE_10.0.2_411\workspace\lpc_chip_15xx\Debug\liblpc_chip_15xx.a(uart_15xx.o)
                0x000015e4                Chip_UART_Send
 .text.Chip_UART_SendBlocking
                0x00001634       0x4c C:\Users\Nick\Documents\MCUXpressoIDE_10.0.2_411\workspace\lpc_chip_15xx\Debug\liblpc_chip_15xx.a(uart_15xx.o)
                0x00001634                Chip_UART_SendBlocking
 .text.Chip_UART_Read
                0x00001680       0x54 C:\Users\Nick\Documents\MCUXpressoIDE_10.0.2_411\workspace\lpc_chip_15xx\Debug\liblpc_chip_15xx.a(uart_15xx.o)
                0x00001680                Chip_UART_Read
 .text.Chip_UART_SetBaud
                0x000016d4       0x2c C:\Users\Nick\Documents\MCUXpressoIDE_10.0.2_411\workspace\lpc_chip_15xx\Debug\liblpc_chip_15xx.a(uart_15xx.o)
                0x000016d4                Chip_UART_SetBaud
 .text.xQueueGenericReset
                0x00001700       0xa4 C:\Users\Nick\Documents\MCUXpressoIDE_10.0.2_411\workspace\freertos\Debug\libfreertos.a(queue.o)
                0x00001700                xQueueGenericReset
 .text.xQueueGenericCreate
                0x000017a4       0x78 C:\Users\Nick\Documents\MCUXpressoIDE_10.0.2_411\workspace\freertos\Debug\libfreertos.a(queue.o)
                0x000017a4                xQueueGenericCreate
 .text.xQueueCreateMutex
                0x0000181c       0x84 C:\Users\Nick\Documents\MCUXpressoIDE_10.0.2_411\workspace\freertos\Debug\libfreertos.a(queue.o)
                0x0000181c                xQueueCreateMutex
 .text.xQueueGenericSend
                0x000018a0      0x110 C:\Users\Nick\Documents\MCUXpressoIDE_10.0.2_411\workspace\freertos\Debug\libfreertos.a(queue.o)
                0x000018a0                xQueueGenericSend
 .text.xQueueGenericReceive
                0x000019b0      0x16c C:\Users\Nick\Documents\MCUXpressoIDE_10.0.2_411\workspace\freertos\Debug\libfreertos.a(queue.o)
                0x000019b0                xQueueGenericReceive
 .text.vQueueDelete
                0x00001b1c       0x34 C:\Users\Nick\Documents\MCUXpressoIDE_10.0.2_411\workspace\freertos\Debug\libfreertos.a(queue.o)
                0x00001b1c                vQueueDelete
 .text.prvCopyDataToQueue
                0x00001b50       0xd0 C:\Users\Nick\Documents\MCUXpressoIDE_10.0.2_411\workspace\freertos\Debug\libfreertos.a(queue.o)
 .text.prvCopyDataFromQueue
                0x00001c20       0x4c C:\Users\Nick\Documents\MCUXpressoIDE_10.0.2_411\workspace\freertos\Debug\libfreertos.a(queue.o)
 .text.prvUnlockQueue
                0x00001c6c       0x98 C:\Users\Nick\Documents\MCUXpressoIDE_10.0.2_411\workspace\freertos\Debug\libfreertos.a(queue.o)
 .text.prvIsQueueEmpty
                0x00001d04       0x2c C:\Users\Nick\Documents\MCUXpressoIDE_10.0.2_411\workspace\freertos\Debug\libfreertos.a(queue.o)
 .text.prvIsQueueFull
                0x00001d30       0x30 C:\Users\Nick\Documents\MCUXpressoIDE_10.0.2_411\workspace\freertos\Debug\libfreertos.a(queue.o)
 .text.vQueueUnregisterQueue
                0x00001d60       0x44 C:\Users\Nick\Documents\MCUXpressoIDE_10.0.2_411\workspace\freertos\Debug\libfreertos.a(queue.o)
                0x00001d60                vQueueUnregisterQueue
 .text.xTaskGenericCreate
                0x00001da4      0x144 C:\Users\Nick\Documents\MCUXpressoIDE_10.0.2_411\workspace\freertos\Debug\libfreertos.a(tasks.o)
                0x00001da4                xTaskGenericCreate
 .text.vTaskStartScheduler
                0x00001ee8       0x6c C:\Users\Nick\Documents\MCUXpressoIDE_10.0.2_411\workspace\freertos\Debug\libfreertos.a(tasks.o)
                0x00001ee8                vTaskStartScheduler
 .text.vTaskSuspendAll
                0x00001f54       0x1c C:\Users\Nick\Documents\MCUXpressoIDE_10.0.2_411\workspace\freertos\Debug\libfreertos.a(tasks.o)
                0x00001f54                vTaskSuspendAll
 .text.xTaskResumeAll
                0x00001f70       0xfc C:\Users\Nick\Documents\MCUXpressoIDE_10.0.2_411\workspace\freertos\Debug\libfreertos.a(tasks.o)
                0x00001f70                xTaskResumeAll
 .text.xTaskIncrementTick
                0x0000206c      0x15c C:\Users\Nick\Documents\MCUXpressoIDE_10.0.2_411\workspace\freertos\Debug\libfreertos.a(tasks.o)
                0x0000206c                xTaskIncrementTick
 .text.vTaskSwitchContext
                0x000021c8      0x130 C:\Users\Nick\Documents\MCUXpressoIDE_10.0.2_411\workspace\freertos\Debug\libfreertos.a(tasks.o)
                0x000021c8                vTaskSwitchContext
 .text.vTaskPlaceOnEventList
                0x000022f8       0x60 C:\Users\Nick\Documents\MCUXpressoIDE_10.0.2_411\workspace\freertos\Debug\libfreertos.a(tasks.o)
                0x000022f8                vTaskPlaceOnEventList
 .text.xTaskRemoveFromEventList
                0x00002358       0xac C:\Users\Nick\Documents\MCUXpressoIDE_10.0.2_411\workspace\freertos\Debug\libfreertos.a(tasks.o)
                0x00002358                xTaskRemoveFromEventList
 .text.vTaskSetTimeOutState
                0x00002404       0x2c C:\Users\Nick\Documents\MCUXpressoIDE_10.0.2_411\workspace\freertos\Debug\libfreertos.a(tasks.o)
                0x00002404                vTaskSetTimeOutState
 .text.xTaskCheckForTimeOut
                0x00002430       0x88 C:\Users\Nick\Documents\MCUXpressoIDE_10.0.2_411\workspace\freertos\Debug\libfreertos.a(tasks.o)
                0x00002430                xTaskCheckForTimeOut
 .text.vTaskMissedYield
                0x000024b8       0x18 C:\Users\Nick\Documents\MCUXpressoIDE_10.0.2_411\workspace\freertos\Debug\libfreertos.a(tasks.o)
                0x000024b8                vTaskMissedYield
 .text.prvIdleTask
                0x000024d0       0x20 C:\Users\Nick\Documents\MCUXpressoIDE_10.0.2_411\workspace\freertos\Debug\libfreertos.a(tasks.o)
 .text.prvInitialiseTCBVariables
                0x000024f0      0x11c C:\Users\Nick\Documents\MCUXpressoIDE_10.0.2_411\workspace\freertos\Debug\libfreertos.a(tasks.o)
 .text.prvInitialiseTaskLists
                0x0000260c       0x80 C:\Users\Nick\Documents\MCUXpressoIDE_10.0.2_411\workspace\freertos\Debug\libfreertos.a(tasks.o)
 .text.prvCheckTasksWaitingTermination
                0x0000268c       0x78 C:\Users\Nick\Documents\MCUXpressoIDE_10.0.2_411\workspace\freertos\Debug\libfreertos.a(tasks.o)
 .text.prvAddCurrentTaskToDelayedList
                0x00002704       0x6c C:\Users\Nick\Documents\MCUXpressoIDE_10.0.2_411\workspace\freertos\Debug\libfreertos.a(tasks.o)
 .text.prvAllocateTCBAndStack
                0x00002770       0x64 C:\Users\Nick\Documents\MCUXpressoIDE_10.0.2_411\workspace\freertos\Debug\libfreertos.a(tasks.o)
 .text.prvDeleteTCB
                0x000027d4       0x2c C:\Users\Nick\Documents\MCUXpressoIDE_10.0.2_411\workspace\freertos\Debug\libfreertos.a(tasks.o)
 .text.prvResetNextTaskUnblockTime
                0x00002800       0x48 C:\Users\Nick\Documents\MCUXpressoIDE_10.0.2_411\workspace\freertos\Debug\libfreertos.a(tasks.o)
 .text.xTaskGetCurrentTaskHandle
                0x00002848       0x1c C:\Users\Nick\Documents\MCUXpressoIDE_10.0.2_411\workspace\freertos\Debug\libfreertos.a(tasks.o)
                0x00002848                xTaskGetCurrentTaskHandle
 .text.vTaskPriorityInherit
                0x00002864       0xbc C:\Users\Nick\Documents\MCUXpressoIDE_10.0.2_411\workspace\freertos\Debug\libfreertos.a(tasks.o)
                0x00002864                vTaskPriorityInherit
 .text.vTaskPriorityDisinherit
                0x00002920       0x84 C:\Users\Nick\Documents\MCUXpressoIDE_10.0.2_411\workspace\freertos\Debug\libfreertos.a(tasks.o)
                0x00002920                vTaskPriorityDisinherit
 .text.vApplicationStackOverflowHook
                0x000029a4       0x14 C:\Users\Nick\Documents\MCUXpressoIDE_10.0.2_411\workspace\freertos\Debug\libfreertos.a(FreeRTOSCommonHooks.o)
                0x000029a4                vApplicationStackOverflowHook
 .text.pvPortMalloc
                0x000029b8       0x24 C:\Users\Nick\Documents\MCUXpressoIDE_10.0.2_411\workspace\freertos\Debug\libfreertos.a(heap_3.o)
                0x000029b8                pvPortMalloc
 .text.vPortFree
                0x000029dc       0x24 C:\Users\Nick\Documents\MCUXpressoIDE_10.0.2_411\workspace\freertos\Debug\libfreertos.a(heap_3.o)
                0x000029dc                vPortFree
 .text.vListInitialise
                0x00002a00       0x40 C:\Users\Nick\Documents\MCUXpressoIDE_10.0.2_411\workspace\freertos\Debug\libfreertos.a(list.o)
                0x00002a00                vListInitialise
 .text.vListInitialiseItem
                0x00002a40       0x18 C:\Users\Nick\Documents\MCUXpressoIDE_10.0.2_411\workspace\freertos\Debug\libfreertos.a(list.o)
                0x00002a40                vListInitialiseItem
 .text.vListInsertEnd
                0x00002a58       0x48 C:\Users\Nick\Documents\MCUXpressoIDE_10.0.2_411\workspace\freertos\Debug\libfreertos.a(list.o)
                0x00002a58                vListInsertEnd
 .text.vListInsert
                0x00002aa0       0x70 C:\Users\Nick\Documents\MCUXpressoIDE_10.0.2_411\workspace\freertos\Debug\libfreertos.a(list.o)
                0x00002aa0                vListInsert
 .text.uxListRemove
                0x00002b10       0x54 C:\Users\Nick\Documents\MCUXpressoIDE_10.0.2_411\workspace\freertos\Debug\libfreertos.a(list.o)
                0x00002b10                uxListRemove
 .text.pxPortInitialiseStack
                0x00002b64       0x54 C:\Users\Nick\Documents\MCUXpressoIDE_10.0.2_411\workspace\freertos\Debug\libfreertos.a(port.o)
                0x00002b64                pxPortInitialiseStack
 .text.prvTaskExitError
                0x00002bb8        0xc C:\Users\Nick\Documents\MCUXpressoIDE_10.0.2_411\workspace\freertos\Debug\libfreertos.a(port.o)
 .text.SVC_Handler
                0x00002bc4       0x28 C:\Users\Nick\Documents\MCUXpressoIDE_10.0.2_411\workspace\freertos\Debug\libfreertos.a(port.o)
                0x00002bc4                SVC_Handler
 .text.prvPortStartFirstTask
                0x00002bec       0x20 C:\Users\Nick\Documents\MCUXpressoIDE_10.0.2_411\workspace\freertos\Debug\libfreertos.a(port.o)
 .text.xPortStartScheduler
                0x00002c0c       0x3c C:\Users\Nick\Documents\MCUXpressoIDE_10.0.2_411\workspace\freertos\Debug\libfreertos.a(port.o)
                0x00002c0c                xPortStartScheduler
 .text.vPortYield
                0x00002c48       0x20 C:\Users\Nick\Documents\MCUXpressoIDE_10.0.2_411\workspace\freertos\Debug\libfreertos.a(port.o)
                0x00002c48                vPortYield
 .text.vPortEnterCritical
                0x00002c68       0x24 C:\Users\Nick\Documents\MCUXpressoIDE_10.0.2_411\workspace\freertos\Debug\libfreertos.a(port.o)
                0x00002c68                vPortEnterCritical
 .text.vPortExitCritical
                0x00002c8c       0x24 C:\Users\Nick\Documents\MCUXpressoIDE_10.0.2_411\workspace\freertos\Debug\libfreertos.a(port.o)
                0x00002c8c                vPortExitCritical
 .text.ulPortSetInterruptMask
                0x00002cb0       0x14 C:\Users\Nick\Documents\MCUXpressoIDE_10.0.2_411\workspace\freertos\Debug\libfreertos.a(port.o)
                0x00002cb0                ulPortSetInterruptMask
 .text.vPortClearInterruptMask
                0x00002cc4        0x8 C:\Users\Nick\Documents\MCUXpressoIDE_10.0.2_411\workspace\freertos\Debug\libfreertos.a(port.o)
                0x00002cc4                vPortClearInterruptMask
 .text.PendSV_Handler
                0x00002ccc       0x48 C:\Users\Nick\Documents\MCUXpressoIDE_10.0.2_411\workspace\freertos\Debug\libfreertos.a(port.o)
                0x00002ccc                PendSV_Handler
 .text.SysTick_Handler
                0x00002d14       0x28 C:\Users\Nick\Documents\MCUXpressoIDE_10.0.2_411\workspace\freertos\Debug\libfreertos.a(port.o)
                0x00002d14                SysTick_Handler
 .text.vPortSetupTimerInterrupt
                0x00002d3c       0x34 C:\Users\Nick\Documents\MCUXpressoIDE_10.0.2_411\workspace\freertos\Debug\libfreertos.a(port.o)
                0x00002d3c                vPortSetupTimerInterrupt
 .text          0x00002d70       0x30 c:/nxp/mcuxpressoide_10.0.2_411/ide/tools/bin/../lib/gcc/arm-none-eabi/5.4.1/armv7-m\libgcc.a(_aeabi_uldivmod.o)
                0x00002d70                __aeabi_uldivmod
 .text          0x00002da0      0x2ec c:/nxp/mcuxpressoide_10.0.2_411/ide/tools/bin/../lib/gcc/arm-none-eabi/5.4.1/armv7-m\libgcc.a(_udivmoddi4.o)
                0x00002da0                __udivmoddi4
 .text          0x0000308c        0x4 c:/nxp/mcuxpressoide_10.0.2_411/ide/tools/bin/../lib/gcc/arm-none-eabi/5.4.1/armv7-m\libgcc.a(_dvmd_tls.o)
                0x0000308c                __aeabi_idiv0
                0x0000308c                __aeabi_ldiv0
 .text.__libc_init_array
                0x00003090       0x50 c:/nxp/mcuxpressoide_10.0.2_411/ide/tools/bin/../lib/gcc/arm-none-eabi/5.4.1/../../../../arm-none-eabi/lib/armv7-m\libc.a(lib_a-init.o)
                0x00003090                __libc_init_array
 .text.malloc   0x000030e0       0x10 c:/nxp/mcuxpressoide_10.0.2_411/ide/tools/bin/../lib/gcc/arm-none-eabi/5.4.1/../../../../arm-none-eabi/lib/armv7-m\libc.a(lib_a-malloc.o)
                0x000030e0                malloc
 .text.free     0x000030f0       0x10 c:/nxp/mcuxpressoide_10.0.2_411/ide/tools/bin/../lib/gcc/arm-none-eabi/5.4.1/../../../../arm-none-eabi/lib/armv7-m\libc.a(lib_a-malloc.o)
                0x000030f0                free
 .text._malloc_r
                0x00003100      0x558 c:/nxp/mcuxpressoide_10.0.2_411/ide/tools/bin/../lib/gcc/arm-none-eabi/5.4.1/../../../../arm-none-eabi/lib/armv7-m\libc.a(lib_a-mallocr.o)
                0x00003100                _malloc_r
 .text.memcmp   0x00003658       0x64 c:/nxp/mcuxpressoide_10.0.2_411/ide/tools/bin/../lib/gcc/arm-none-eabi/5.4.1/../../../../arm-none-eabi/lib/armv7-m\libc.a(lib_a-memcmp.o)
                0x00003658                memcmp
 .text          0x000036bc       0xec c:/nxp/mcuxpressoide_10.0.2_411/ide/tools/bin/../lib/gcc/arm-none-eabi/5.4.1/../../../../arm-none-eabi/lib/armv7-m\libc.a(lib_a-memcpy.o)
                0x000036bc                memcpy
 .text.memset   0x000037a8       0x9c c:/nxp/mcuxpressoide_10.0.2_411/ide/tools/bin/../lib/gcc/arm-none-eabi/5.4.1/../../../../arm-none-eabi/lib/armv7-m\libc.a(lib_a-memset.o)
                0x000037a8                memset
 .text.__malloc_lock
                0x00003844        0x4 c:/nxp/mcuxpressoide_10.0.2_411/ide/tools/bin/../lib/gcc/arm-none-eabi/5.4.1/../../../../arm-none-eabi/lib/armv7-m\libc.a(lib_a-mlock.o)
                0x00003844                __malloc_lock
 .text.__malloc_unlock
                0x00003848        0x4 c:/nxp/mcuxpressoide_10.0.2_411/ide/tools/bin/../lib/gcc/arm-none-eabi/5.4.1/../../../../arm-none-eabi/lib/armv7-m\libc.a(lib_a-mlock.o)
                0x00003848                __malloc_unlock
 .text.printf   0x0000384c       0x28 c:/nxp/mcuxpressoide_10.0.2_411/ide/tools/bin/../lib/gcc/arm-none-eabi/5.4.1/../../../../arm-none-eabi/lib/armv7-m\libc.a(lib_a-printf.o)
                0x0000384c                printf
 .text.cleanup_glue
                0x00003874       0x1c c:/nxp/mcuxpressoide_10.0.2_411/ide/tools/bin/../lib/gcc/arm-none-eabi/5.4.1/../../../../arm-none-eabi/lib/armv7-m\libc.a(lib_a-reent.o)
                0x00003874                cleanup_glue
 .text._reclaim_reent
                0x00003890       0x88 c:/nxp/mcuxpressoide_10.0.2_411/ide/tools/bin/../lib/gcc/arm-none-eabi/5.4.1/../../../../arm-none-eabi/lib/armv7-m\libc.a(lib_a-reent.o)
                0x00003890                _reclaim_reent
 .text._sbrk_r  0x00003918       0x24 c:/nxp/mcuxpressoide_10.0.2_411/ide/tools/bin/../lib/gcc/arm-none-eabi/5.4.1/../../../../arm-none-eabi/lib/armv7-m\libc.a(lib_a-sbrkr.o)
                0x00003918                _sbrk_r
 .text._vfprintf_r
                0x0000393c     0x1798 c:/nxp/mcuxpressoide_10.0.2_411/ide/tools/bin/../lib/gcc/arm-none-eabi/5.4.1/../../../../arm-none-eabi/lib/armv7-m\libc.a(lib_a-vfprintf.o)
                0x0000393c                _vfprintf_r
 .text.__sbprintf
                0x000050d4       0x6c c:/nxp/mcuxpressoide_10.0.2_411/ide/tools/bin/../lib/gcc/arm-none-eabi/5.4.1/../../../../arm-none-eabi/lib/armv7-m\libc.a(lib_a-vfprintf.o)
 .text.__swsetup_r
                0x00005140       0xc8 c:/nxp/mcuxpressoide_10.0.2_411/ide/tools/bin/../lib/gcc/arm-none-eabi/5.4.1/../../../../arm-none-eabi/lib/armv7-m\libc.a(lib_a-wsetup.o)
                0x00005140                __swsetup_r
 .text.quorem   0x00005208      0x12c c:/nxp/mcuxpressoide_10.0.2_411/ide/tools/bin/../lib/gcc/arm-none-eabi/5.4.1/../../../../arm-none-eabi/lib/armv7-m\libc.a(lib_a-dtoa.o)
 *fill*         0x00005334        0x4 ff
 .text._dtoa_r  0x00005338      0xe4c c:/nxp/mcuxpressoide_10.0.2_411/ide/tools/bin/../lib/gcc/arm-none-eabi/5.4.1/../../../../arm-none-eabi/lib/armv7-m\libc.a(lib_a-dtoa.o)
                0x00005338                _dtoa_r
 .text.__sflush_r
                0x00006184      0x148 c:/nxp/mcuxpressoide_10.0.2_411/ide/tools/bin/../lib/gcc/arm-none-eabi/5.4.1/../../../../arm-none-eabi/lib/armv7-m\libc.a(lib_a-fflush.o)
                0x00006184                __sflush_r
 .text._fflush_r
                0x000062cc       0x2c c:/nxp/mcuxpressoide_10.0.2_411/ide/tools/bin/../lib/gcc/arm-none-eabi/5.4.1/../../../../arm-none-eabi/lib/armv7-m\libc.a(lib_a-fflush.o)
                0x000062cc                _fflush_r
 .text._cleanup_r
                0x000062f8        0xc c:/nxp/mcuxpressoide_10.0.2_411/ide/tools/bin/../lib/gcc/arm-none-eabi/5.4.1/../../../../arm-none-eabi/lib/armv7-m\libc.a(lib_a-findfp.o)
                0x000062f8                _cleanup_r
 .text.__sinit.part.1
                0x00006304       0xf0 c:/nxp/mcuxpressoide_10.0.2_411/ide/tools/bin/../lib/gcc/arm-none-eabi/5.4.1/../../../../arm-none-eabi/lib/armv7-m\libc.a(lib_a-findfp.o)
 .text.__sinit  0x000063f4        0xc c:/nxp/mcuxpressoide_10.0.2_411/ide/tools/bin/../lib/gcc/arm-none-eabi/5.4.1/../../../../arm-none-eabi/lib/armv7-m\libc.a(lib_a-findfp.o)
                0x000063f4                __sinit
 .text.__sfp_lock_acquire
                0x00006400        0x4 c:/nxp/mcuxpressoide_10.0.2_411/ide/tools/bin/../lib/gcc/arm-none-eabi/5.4.1/../../../../arm-none-eabi/lib/armv7-m\libc.a(lib_a-findfp.o)
                0x00006400                __sfp_lock_acquire
 .text.__sfp_lock_release
                0x00006404        0x4 c:/nxp/mcuxpressoide_10.0.2_411/ide/tools/bin/../lib/gcc/arm-none-eabi/5.4.1/../../../../arm-none-eabi/lib/armv7-m\libc.a(lib_a-findfp.o)
                0x00006404                __sfp_lock_release
 .text._malloc_trim_r
                0x00006408       0x9c c:/nxp/mcuxpressoide_10.0.2_411/ide/tools/bin/../lib/gcc/arm-none-eabi/5.4.1/../../../../arm-none-eabi/lib/armv7-m\libc.a(lib_a-freer.o)
                0x00006408                _malloc_trim_r
 .text._free_r  0x000064a4      0x1d0 c:/nxp/mcuxpressoide_10.0.2_411/ide/tools/bin/../lib/gcc/arm-none-eabi/5.4.1/../../../../arm-none-eabi/lib/armv7-m\libc.a(lib_a-freer.o)
                0x000064a4                _free_r
 .text._fwalk_reent
                0x00006674       0x50 c:/nxp/mcuxpressoide_10.0.2_411/ide/tools/bin/../lib/gcc/arm-none-eabi/5.4.1/../../../../arm-none-eabi/lib/armv7-m\libc.a(lib_a-fwalk.o)
                0x00006674                _fwalk_reent
 .text._localeconv_r
                0x000066c4       0x1c c:/nxp/mcuxpressoide_10.0.2_411/ide/tools/bin/../lib/gcc/arm-none-eabi/5.4.1/../../../../arm-none-eabi/lib/armv7-m\libc.a(lib_a-localeconv.o)
                0x000066c4                _localeconv_r
 .text.__swhatbuf_r
                0x000066e0       0x60 c:/nxp/mcuxpressoide_10.0.2_411/ide/tools/bin/../lib/gcc/arm-none-eabi/5.4.1/../../../../arm-none-eabi/lib/armv7-m\libc.a(lib_a-makebuf.o)
                0x000066e0                __swhatbuf_r
 .text.__smakebuf_r
                0x00006740       0x88 c:/nxp/mcuxpressoide_10.0.2_411/ide/tools/bin/../lib/gcc/arm-none-eabi/5.4.1/../../../../arm-none-eabi/lib/armv7-m\libc.a(lib_a-makebuf.o)
                0x00006740                __smakebuf_r
 .text.memchr   0x000067c8       0x8c c:/nxp/mcuxpressoide_10.0.2_411/ide/tools/bin/../lib/gcc/arm-none-eabi/5.4.1/../../../../arm-none-eabi/lib/armv7-m\libc.a(lib_a-memchr-stub.o)
                0x000067c8                memchr
 .text._Balloc  0x00006854       0x50 c:/nxp/mcuxpressoide_10.0.2_411/ide/tools/bin/../lib/gcc/arm-none-eabi/5.4.1/../../../../arm-none-eabi/lib/armv7-m\libc.a(lib_a-mprec.o)
                0x00006854                _Balloc
 .text._Bfree   0x000068a4       0x14 c:/nxp/mcuxpressoide_10.0.2_411/ide/tools/bin/../lib/gcc/arm-none-eabi/5.4.1/../../../../arm-none-eabi/lib/armv7-m\libc.a(lib_a-mprec.o)
                0x000068a4                _Bfree
 .text.__multadd
                0x000068b8       0x80 c:/nxp/mcuxpressoide_10.0.2_411/ide/tools/bin/../lib/gcc/arm-none-eabi/5.4.1/../../../../arm-none-eabi/lib/armv7-m\libc.a(lib_a-mprec.o)
                0x000068b8                __multadd
 .text.__hi0bits
                0x00006938       0x40 c:/nxp/mcuxpressoide_10.0.2_411/ide/tools/bin/../lib/gcc/arm-none-eabi/5.4.1/../../../../arm-none-eabi/lib/armv7-m\libc.a(lib_a-mprec.o)
                0x00006938                __hi0bits
 .text.__lo0bits
                0x00006978       0x5c c:/nxp/mcuxpressoide_10.0.2_411/ide/tools/bin/../lib/gcc/arm-none-eabi/5.4.1/../../../../arm-none-eabi/lib/armv7-m\libc.a(lib_a-mprec.o)
                0x00006978                __lo0bits
 .text.__i2b    0x000069d4       0x14 c:/nxp/mcuxpressoide_10.0.2_411/ide/tools/bin/../lib/gcc/arm-none-eabi/5.4.1/../../../../arm-none-eabi/lib/armv7-m\libc.a(lib_a-mprec.o)
                0x000069d4                __i2b
 .text.__multiply
                0x000069e8      0x13c c:/nxp/mcuxpressoide_10.0.2_411/ide/tools/bin/../lib/gcc/arm-none-eabi/5.4.1/../../../../arm-none-eabi/lib/armv7-m\libc.a(lib_a-mprec.o)
                0x000069e8                __multiply
 .text.__pow5mult
                0x00006b24       0xa0 c:/nxp/mcuxpressoide_10.0.2_411/ide/tools/bin/../lib/gcc/arm-none-eabi/5.4.1/../../../../arm-none-eabi/lib/armv7-m\libc.a(lib_a-mprec.o)
                0x00006b24                __pow5mult
 .text.__lshift
                0x00006bc4       0xac c:/nxp/mcuxpressoide_10.0.2_411/ide/tools/bin/../lib/gcc/arm-none-eabi/5.4.1/../../../../arm-none-eabi/lib/armv7-m\libc.a(lib_a-mprec.o)
                0x00006bc4                __lshift
 .text.__mcmp   0x00006c70       0x40 c:/nxp/mcuxpressoide_10.0.2_411/ide/tools/bin/../lib/gcc/arm-none-eabi/5.4.1/../../../../arm-none-eabi/lib/armv7-m\libc.a(lib_a-mprec.o)
                0x00006c70                __mcmp
 .text.__mdiff  0x00006cb0      0x128 c:/nxp/mcuxpressoide_10.0.2_411/ide/tools/bin/../lib/gcc/arm-none-eabi/5.4.1/../../../../arm-none-eabi/lib/armv7-m\libc.a(lib_a-mprec.o)
                0x00006cb0                __mdiff
 .text.__d2b    0x00006dd8       0xa8 c:/nxp/mcuxpressoide_10.0.2_411/ide/tools/bin/../lib/gcc/arm-none-eabi/5.4.1/../../../../arm-none-eabi/lib/armv7-m\libc.a(lib_a-mprec.o)
                0x00006dd8                __d2b
 .text.__sread  0x00006e80       0x24 c:/nxp/mcuxpressoide_10.0.2_411/ide/tools/bin/../lib/gcc/arm-none-eabi/5.4.1/../../../../arm-none-eabi/lib/armv7-m\libc.a(lib_a-stdio.o)
                0x00006e80                __sread
 .text.__swrite
                0x00006ea4       0x3c c:/nxp/mcuxpressoide_10.0.2_411/ide/tools/bin/../lib/gcc/arm-none-eabi/5.4.1/../../../../arm-none-eabi/lib/armv7-m\libc.a(lib_a-stdio.o)
                0x00006ea4                __swrite
 .text.__sseek  0x00006ee0       0x20 c:/nxp/mcuxpressoide_10.0.2_411/ide/tools/bin/../lib/gcc/arm-none-eabi/5.4.1/../../../../arm-none-eabi/lib/armv7-m\libc.a(lib_a-stdio.o)
                0x00006ee0                __sseek
 .text.__sclose
                0x00006f00        0x8 c:/nxp/mcuxpressoide_10.0.2_411/ide/tools/bin/../lib/gcc/arm-none-eabi/5.4.1/../../../../arm-none-eabi/lib/armv7-m\libc.a(lib_a-stdio.o)
                0x00006f00                __sclose
 .text.strlen   0x00006f08       0x5c c:/nxp/mcuxpressoide_10.0.2_411/ide/tools/bin/../lib/gcc/arm-none-eabi/5.4.1/../../../../arm-none-eabi/lib/armv7-m\libc.a(lib_a-strlen-stub.o)
                0x00006f08                strlen
 .text.__sprint_r.part.0
                0x00006f64       0x78 c:/nxp/mcuxpressoide_10.0.2_411/ide/tools/bin/../lib/gcc/arm-none-eabi/5.4.1/../../../../arm-none-eabi/lib/armv7-m\libc.a(lib_a-vfiprintf.o)
 .text.__sprint_r
                0x00006fdc       0x14 c:/nxp/mcuxpressoide_10.0.2_411/ide/tools/bin/../lib/gcc/arm-none-eabi/5.4.1/../../../../arm-none-eabi/lib/armv7-m\libc.a(lib_a-vfiprintf.o)
                0x00006fdc                __sprint_r
 .text._write_r
                0x00006ff0       0x2c c:/nxp/mcuxpressoide_10.0.2_411/ide/tools/bin/../lib/gcc/arm-none-eabi/5.4.1/../../../../arm-none-eabi/lib/armv7-m\libc.a(lib_a-writer.o)
                0x00006ff0                _write_r
 .text._calloc_r
                0x0000701c       0x60 c:/nxp/mcuxpressoide_10.0.2_411/ide/tools/bin/../lib/gcc/arm-none-eabi/5.4.1/../../../../arm-none-eabi/lib/armv7-m\libc.a(lib_a-callocr.o)
                0x0000701c                _calloc_r
 .text._close_r
                0x0000707c       0x24 c:/nxp/mcuxpressoide_10.0.2_411/ide/tools/bin/../lib/gcc/arm-none-eabi/5.4.1/../../../../arm-none-eabi/lib/armv7-m\libc.a(lib_a-closer.o)
                0x0000707c                _close_r
 .text._fclose_r
                0x000070a0       0x84 c:/nxp/mcuxpressoide_10.0.2_411/ide/tools/bin/../lib/gcc/arm-none-eabi/5.4.1/../../../../arm-none-eabi/lib/armv7-m\libc.a(lib_a-fclose.o)
                0x000070a0                _fclose_r
 .text.__fputwc
                0x00007124       0x94 c:/nxp/mcuxpressoide_10.0.2_411/ide/tools/bin/../lib/gcc/arm-none-eabi/5.4.1/../../../../arm-none-eabi/lib/armv7-m\libc.a(lib_a-fputwc.o)
                0x00007124                __fputwc
 .text._fputwc_r
                0x000071b8       0x24 c:/nxp/mcuxpressoide_10.0.2_411/ide/tools/bin/../lib/gcc/arm-none-eabi/5.4.1/../../../../arm-none-eabi/lib/armv7-m\libc.a(lib_a-fputwc.o)
                0x000071b8                _fputwc_r
 .text._fstat_r
                0x000071dc       0x28 c:/nxp/mcuxpressoide_10.0.2_411/ide/tools/bin/../lib/gcc/arm-none-eabi/5.4.1/../../../../arm-none-eabi/lib/armv7-m\libc.a(lib_a-fstatr.o)
                0x000071dc                _fstat_r
 .text.__sfvwrite_r
                0x00007204      0x308 c:/nxp/mcuxpressoide_10.0.2_411/ide/tools/bin/../lib/gcc/arm-none-eabi/5.4.1/../../../../arm-none-eabi/lib/armv7-m\libc.a(lib_a-fvwrite.o)
                0x00007204                __sfvwrite_r
 .text._isatty_r
                0x0000750c       0x24 c:/nxp/mcuxpressoide_10.0.2_411/ide/tools/bin/../lib/gcc/arm-none-eabi/5.4.1/../../../../arm-none-eabi/lib/armv7-m\libc.a(lib_a-isattyr.o)
                0x0000750c                _isatty_r
 .text.__locale_mb_cur_max
                0x00007530       0x1c c:/nxp/mcuxpressoide_10.0.2_411/ide/tools/bin/../lib/gcc/arm-none-eabi/5.4.1/../../../../arm-none-eabi/lib/armv7-m\libc.a(lib_a-locale.o)
                0x00007530                __locale_mb_cur_max
 .text._lseek_r
                0x0000754c       0x2c c:/nxp/mcuxpressoide_10.0.2_411/ide/tools/bin/../lib/gcc/arm-none-eabi/5.4.1/../../../../arm-none-eabi/lib/armv7-m\libc.a(lib_a-lseekr.o)
                0x0000754c                _lseek_r
 .text.__ascii_mbtowc
                0x00007578       0x2c c:/nxp/mcuxpressoide_10.0.2_411/ide/tools/bin/../lib/gcc/arm-none-eabi/5.4.1/../../../../arm-none-eabi/lib/armv7-m\libc.a(lib_a-mbtowc_r.o)
                0x00007578                __ascii_mbtowc
 .text.memmove  0x000075a4       0xc8 c:/nxp/mcuxpressoide_10.0.2_411/ide/tools/bin/../lib/gcc/arm-none-eabi/5.4.1/../../../../arm-none-eabi/lib/armv7-m\libc.a(lib_a-memmove.o)
                0x000075a4                memmove
 .text._read_r  0x0000766c       0x2c c:/nxp/mcuxpressoide_10.0.2_411/ide/tools/bin/../lib/gcc/arm-none-eabi/5.4.1/../../../../arm-none-eabi/lib/armv7-m\libc.a(lib_a-readr.o)
                0x0000766c                _read_r
 .text._realloc_r
                0x00007698      0x3d4 c:/nxp/mcuxpressoide_10.0.2_411/ide/tools/bin/../lib/gcc/arm-none-eabi/5.4.1/../../../../arm-none-eabi/lib/armv7-m\libc.a(lib_a-reallocr.o)
                0x00007698                _realloc_r
 .text.__swbuf_r
                0x00007a6c       0xac c:/nxp/mcuxpressoide_10.0.2_411/ide/tools/bin/../lib/gcc/arm-none-eabi/5.4.1/../../../../arm-none-eabi/lib/armv7-m\libc.a(lib_a-wbuf.o)
                0x00007a6c                __swbuf_r
 .text._wcrtomb_r
                0x00007b18       0x54 c:/nxp/mcuxpressoide_10.0.2_411/ide/tools/bin/../lib/gcc/arm-none-eabi/5.4.1/../../../../arm-none-eabi/lib/armv7-m\libc.a(lib_a-wcrtomb.o)
                0x00007b18                _wcrtomb_r
 .text.__ascii_wctomb
                0x00007b6c       0x1c c:/nxp/mcuxpressoide_10.0.2_411/ide/tools/bin/../lib/gcc/arm-none-eabi/5.4.1/../../../../arm-none-eabi/lib/armv7-m\libc.a(lib_a-wctomb_r.o)
                0x00007b6c                __ascii_wctomb
 .text._sbrk    0x00007b88       0x3c c:/nxp/mcuxpressoide_10.0.2_411/ide/tools/bin/../lib/gcc/arm-none-eabi/5.4.1/../../../../arm-none-eabi/lib/armv7-m\libcr_newlib_nohost.a(_cr_sbrk.o)
                0x00007b88                _sbrk
 .text._close   0x00007bc4       0x10 c:/nxp/mcuxpressoide_10.0.2_411/ide/tools/bin/../lib/gcc/arm-none-eabi/5.4.1/../../../../arm-none-eabi/lib/armv7-m\libcr_newlib_nohost.a(close.o)
                0x00007bc4                _close
 .text._fstat   0x00007bd4       0x10 c:/nxp/mcuxpressoide_10.0.2_411/ide/tools/bin/../lib/gcc/arm-none-eabi/5.4.1/../../../../arm-none-eabi/lib/armv7-m\libcr_newlib_nohost.a(fstat.o)
                0x00007bd4                _fstat
 .text._isatty  0x00007be4       0x10 c:/nxp/mcuxpressoide_10.0.2_411/ide/tools/bin/../lib/gcc/arm-none-eabi/5.4.1/../../../../arm-none-eabi/lib/armv7-m\libcr_newlib_nohost.a(isatty.o)
                0x00007be4                _isatty
 .text._lseek   0x00007bf4       0x10 c:/nxp/mcuxpressoide_10.0.2_411/ide/tools/bin/../lib/gcc/arm-none-eabi/5.4.1/../../../../arm-none-eabi/lib/armv7-m\libcr_newlib_nohost.a(lseek.o)
                0x00007bf4                _lseek
 .text.__check_heap_overflow
                0x00007c04       0x18 c:/nxp/mcuxpressoide_10.0.2_411/ide/tools/bin/../lib/gcc/arm-none-eabi/5.4.1/../../../../arm-none-eabi/lib/armv7-m\libcr_newlib_nohost.a(_cr_check_heap.o)
                0x00007c04                __check_heap_overflow
 .text          0x00007c1c       0x5c c:/nxp/mcuxpressoide_10.0.2_411/ide/tools/bin/../lib/gcc/arm-none-eabi/5.4.1/armv7-m\crtbegin.o
 .text          0x00007c78      0x370 c:/nxp/mcuxpressoide_10.0.2_411/ide/tools/bin/../lib/gcc/arm-none-eabi/5.4.1/armv7-m\libgcc.a(_arm_addsubdf3.o)
                0x00007c78                __aeabi_drsub
                0x00007c80                __aeabi_dsub
                0x00007c80                __subdf3
                0x00007c84                __aeabi_dadd
                0x00007c84                __adddf3
                0x00007efc                __floatunsidf
                0x00007efc                __aeabi_ui2d
                0x00007f1c                __floatsidf
                0x00007f1c                __aeabi_i2d
                0x00007f40                __aeabi_f2d
                0x00007f40                __extendsfdf2
                0x00007f7c                __floatundidf
                0x00007f7c                __aeabi_ul2d
                0x00007f8c                __floatdidf
                0x00007f8c                __aeabi_l2d
 .text          0x00007fe8      0x424 c:/nxp/mcuxpressoide_10.0.2_411/ide/tools/bin/../lib/gcc/arm-none-eabi/5.4.1/armv7-m\libgcc.a(_arm_muldivdf3.o)
                0x00007fe8                __aeabi_dmul
                0x00007fe8                __muldf3
                0x0000823c                __divdf3
                0x0000823c                __aeabi_ddiv
 .text          0x0000840c      0x110 c:/nxp/mcuxpressoide_10.0.2_411/ide/tools/bin/../lib/gcc/arm-none-eabi/5.4.1/armv7-m\libgcc.a(_arm_cmpdf2.o)
                0x0000840c                __gtdf2
                0x0000840c                __gedf2
                0x00008414                __ltdf2
                0x00008414                __ledf2
                0x0000841c                __nedf2
                0x0000841c                __eqdf2
                0x0000841c                __cmpdf2
                0x00008498                __aeabi_cdrcmple
                0x000084a8                __aeabi_cdcmpeq
                0x000084a8                __aeabi_cdcmple
                0x000084b8                __aeabi_dcmpeq
                0x000084cc                __aeabi_dcmplt
                0x000084e0                __aeabi_dcmple
                0x000084f4                __aeabi_dcmpge
                0x00008508                __aeabi_dcmpgt
 .text          0x0000851c       0x2c c:/nxp/mcuxpressoide_10.0.2_411/ide/tools/bin/../lib/gcc/arm-none-eabi/5.4.1/armv7-m\libgcc.a(_arm_unorddf2.o)
                0x0000851c                __unorddf2
                0x0000851c                __aeabi_dcmpun
 .text          0x00008548       0x50 c:/nxp/mcuxpressoide_10.0.2_411/ide/tools/bin/../lib/gcc/arm-none-eabi/5.4.1/armv7-m\libgcc.a(_arm_fixdfsi.o)
                0x00008548                __aeabi_d2iz
                0x00008548                __fixdfsi
 .text.__errno  0x00008598        0xc c:/nxp/mcuxpressoide_10.0.2_411/ide/tools/bin/../lib/gcc/arm-none-eabi/5.4.1/../../../../arm-none-eabi/lib/armv7-m\libc.a(lib_a-errno.o)
                0x00008598                __errno
 *(.rodata .rodata.* .constdata .constdata.*)
 .rodata        0x000085a4       0x57 ./src/lab3.o
 *fill*         0x000085fb        0x1 ff
 .rodata._ZTV6Syslog
                0x000085fc       0x10 ./src/syslog.o
                0x000085fc                vtable for Syslog
 .rodata.OscRateIn
                0x0000860c        0x4 C:\Users\Nick\Documents\MCUXpressoIDE_10.0.2_411\workspace\lpc_board_nxp_lpcxpresso_1549\Debug\liblpc_board_nxp_lpcxpresso_1549.a(board.o)
                0x0000860c                OscRateIn
 .rodata.RTCOscRateIn
                0x00008610        0x4 C:\Users\Nick\Documents\MCUXpressoIDE_10.0.2_411\workspace\lpc_board_nxp_lpcxpresso_1549\Debug\liblpc_board_nxp_lpcxpresso_1549.a(board.o)
                0x00008610                RTCOscRateIn
 .rodata.ledpins
                0x00008614        0x3 C:\Users\Nick\Documents\MCUXpressoIDE_10.0.2_411\workspace\lpc_board_nxp_lpcxpresso_1549\Debug\liblpc_board_nxp_lpcxpresso_1549.a(board.o)
 *fill*         0x00008617        0x1 ff
 .rodata.ledports
                0x00008618        0x3 C:\Users\Nick\Documents\MCUXpressoIDE_10.0.2_411\workspace\lpc_board_nxp_lpcxpresso_1549\Debug\liblpc_board_nxp_lpcxpresso_1549.a(board.o)
 *fill*         0x0000861b        0x1 ff
 .rodata.ioconSetup
                0x0000861c       0x74 C:\Users\Nick\Documents\MCUXpressoIDE_10.0.2_411\workspace\lpc_board_nxp_lpcxpresso_1549\Debug\liblpc_board_nxp_lpcxpresso_1549.a(board_sysinit.o)
 .rodata.swmSetup
                0x00008690        0x6 C:\Users\Nick\Documents\MCUXpressoIDE_10.0.2_411\workspace\lpc_board_nxp_lpcxpresso_1549\Debug\liblpc_board_nxp_lpcxpresso_1549.a(board_sysinit.o)
 *fill*         0x00008696        0x2 ff
 .rodata        0x00008698       0x18 C:\Users\Nick\Documents\MCUXpressoIDE_10.0.2_411\workspace\freertos\Debug\libfreertos.a(tasks.o)
                0x000086a0                FreeRTOSDebugConfig
 .rodata.ucExpectedStackBytes.9841
                0x000086b0       0x14 C:\Users\Nick\Documents\MCUXpressoIDE_10.0.2_411\workspace\freertos\Debug\libfreertos.a(tasks.o)
 .rodata.zeroes.7271
                0x000086c4       0x10 c:/nxp/mcuxpressoide_10.0.2_411/ide/tools/bin/../lib/gcc/arm-none-eabi/5.4.1/../../../../arm-none-eabi/lib/armv7-m\libc.a(lib_a-vfprintf.o)
 .rodata.str1.4
                0x000086d4       0x42 c:/nxp/mcuxpressoide_10.0.2_411/ide/tools/bin/../lib/gcc/arm-none-eabi/5.4.1/../../../../arm-none-eabi/lib/armv7-m\libc.a(lib_a-vfprintf.o)
 *fill*         0x00008716        0x2 ff
 .rodata.blanks.7270
                0x00008718       0x10 c:/nxp/mcuxpressoide_10.0.2_411/ide/tools/bin/../lib/gcc/arm-none-eabi/5.4.1/../../../../arm-none-eabi/lib/armv7-m\libc.a(lib_a-vfprintf.o)
 .rodata.str1.4
                0x00008728       0x10 c:/nxp/mcuxpressoide_10.0.2_411/ide/tools/bin/../lib/gcc/arm-none-eabi/5.4.1/../../../../arm-none-eabi/lib/armv7-m\libc.a(lib_a-dtoa.o)
                                 0x12 (size before relaxing)
 .rodata.__mprec_tens
                0x00008738       0xc8 c:/nxp/mcuxpressoide_10.0.2_411/ide/tools/bin/../lib/gcc/arm-none-eabi/5.4.1/../../../../arm-none-eabi/lib/armv7-m\libc.a(lib_a-mprec.o)
                0x00008738                __mprec_tens
 .rodata.p05.6085
                0x00008800        0xc c:/nxp/mcuxpressoide_10.0.2_411/ide/tools/bin/../lib/gcc/arm-none-eabi/5.4.1/../../../../arm-none-eabi/lib/armv7-m\libc.a(lib_a-mprec.o)
 *fill*         0x0000880c        0x4 ff
 .rodata.__mprec_bigtens
                0x00008810       0x28 c:/nxp/mcuxpressoide_10.0.2_411/ide/tools/bin/../lib/gcc/arm-none-eabi/5.4.1/../../../../arm-none-eabi/lib/armv7-m\libc.a(lib_a-mprec.o)
                0x00008810                __mprec_bigtens
 .rodata.str1.4
                0x00008838       0x10 c:/nxp/mcuxpressoide_10.0.2_411/ide/tools/bin/../lib/gcc/arm-none-eabi/5.4.1/../../../../arm-none-eabi/lib/armv7-m\libc.a(lib_a-locale.o)
                                 0x12 (size before relaxing)
 .rodata._ctype_
                0x00008848      0x101 c:/nxp/mcuxpressoide_10.0.2_411/ide/tools/bin/../lib/gcc/arm-none-eabi/5.4.1/../../../../arm-none-eabi/lib/armv7-m\libc.a(lib_a-ctype_.o)
                0x00008848                _ctype_
                0x0000894c                . = ALIGN (0x4)
 *fill*         0x00008949        0x3 ff
                0x0000894c                . = ALIGN (0x4)
 *(.init)
 .init          0x0000894c        0x4 c:/nxp/mcuxpressoide_10.0.2_411/ide/tools/bin/../lib/gcc/arm-none-eabi/5.4.1/armv7-m\crti.o
                0x0000894c                _init
 .init          0x00008950        0x8 c:/nxp/mcuxpressoide_10.0.2_411/ide/tools/bin/../lib/gcc/arm-none-eabi/5.4.1/armv7-m\crtn.o
                0x00008958                . = ALIGN (0x4)
                0x00008958                __preinit_array_start = .
 *(.preinit_array)
                0x00008958                __preinit_array_end = .
                0x00008958                . = ALIGN (0x4)
                0x00008958                __init_array_start = .
 *(SORT(.init_array.*))
 *(.init_array)
 .init_array    0x00008958        0x4 ./src/lab3.o
 .init_array    0x0000895c        0x4 c:/nxp/mcuxpressoide_10.0.2_411/ide/tools/bin/../lib/gcc/arm-none-eabi/5.4.1/armv7-m\crtbegin.o
                0x00008960                __init_array_end = .
 *(.fini)
 .fini          0x00008960        0x4 c:/nxp/mcuxpressoide_10.0.2_411/ide/tools/bin/../lib/gcc/arm-none-eabi/5.4.1/armv7-m\crti.o
                0x00008960                _fini
 .fini          0x00008964        0x8 c:/nxp/mcuxpressoide_10.0.2_411/ide/tools/bin/../lib/gcc/arm-none-eabi/5.4.1/armv7-m\crtn.o
                0x0000896c                . = ALIGN (0x4)
 *crtbegin.o(.ctors)
 *(EXCLUDE_FILE(*crtend.o) .ctors)
 *(SORT(.ctors.*))
 *crtend.o(.ctors)
                0x0000896c                . = ALIGN (0x4)
 *crtbegin.o(.dtors)
 *(EXCLUDE_FILE(*crtend.o) .dtors)
 *(SORT(.dtors.*))
 *crtend.o(.dtors)
                0x0000896c                . = ALIGN (0x4)

.glue_7         0x0000896c        0x0
 .glue_7        0x0000896c        0x0 linker stubs

.glue_7t        0x0000896c        0x0
 .glue_7t       0x0000896c        0x0 linker stubs

.vfp11_veneer   0x0000896c        0x0
 .vfp11_veneer  0x0000896c        0x0 linker stubs

.v4_bx          0x0000896c        0x0
 .v4_bx         0x0000896c        0x0 linker stubs

.iplt           0x0000896c        0x0
 .iplt          0x0000896c        0x0 ./src/DigitalIOPin.o

.ARM.extab
 *(.ARM.extab* .gnu.linkonce.armextab.*)
                0x0000896c                __exidx_start = .

.ARM.exidx      0x0000896c        0x8
 *(.ARM.exidx* .gnu.linkonce.armexidx.*)
 .ARM.exidx     0x0000896c        0x8 c:/nxp/mcuxpressoide_10.0.2_411/ide/tools/bin/../lib/gcc/arm-none-eabi/5.4.1/armv7-m\libgcc.a(_udivmoddi4.o)
                0x00008974                __exidx_end = .
                0x00008974                _etext = .

.rel.dyn        0x00008974        0x0
 .rel.iplt      0x00008974        0x0 ./src/DigitalIOPin.o

.eh_frame       0x00008974        0x0
 .eh_frame      0x00008974        0x0 c:/nxp/mcuxpressoide_10.0.2_411/ide/tools/bin/../lib/gcc/arm-none-eabi/5.4.1/armv7-m\crtbegin.o

.data_RAM2      0x02008000        0x0 load address 0x00008974
 FILL mask 0xff
                [!provide]                PROVIDE (__start_data_RAM2, .)
 *(.ramfunc.$RAM2)
 *(.ramfunc.$Ram2_4)
 *(.data.$RAM2*)
 *(.data.$Ram2_4*)
                0x02008000                . = ALIGN (0x4)
                [!provide]                PROVIDE (__end_data_RAM2, .)

.uninit_RESERVED
                0x02000000        0x0
 *(.bss.$RESERVED*)
                0x02000000                . = ALIGN (0x4)
                0x02000000                _end_uninit_RESERVED = .

.data           0x02000000      0x9b4 load address 0x00008974
 FILL mask 0xff
                0x02000000                _data = .
 *(vtable)
 *(.ramfunc*)
 *(.data*)
 .data.xNextTaskUnblockTime
                0x02000000        0x4 C:\Users\Nick\Documents\MCUXpressoIDE_10.0.2_411\workspace\freertos\Debug\libfreertos.a(tasks.o)
 .data.uxCriticalNesting
                0x02000004        0x4 C:\Users\Nick\Documents\MCUXpressoIDE_10.0.2_411\workspace\freertos\Debug\libfreertos.a(port.o)
 .data.impure_data
                0x02000008      0x428 c:/nxp/mcuxpressoide_10.0.2_411/ide/tools/bin/../lib/gcc/arm-none-eabi/5.4.1/../../../../arm-none-eabi/lib/armv7-m\libc.a(lib_a-impure.o)
 .data._impure_ptr
                0x02000430        0x4 c:/nxp/mcuxpressoide_10.0.2_411/ide/tools/bin/../lib/gcc/arm-none-eabi/5.4.1/../../../../arm-none-eabi/lib/armv7-m\libc.a(lib_a-impure.o)
                0x02000430                _impure_ptr
 .data.__malloc_av_
                0x02000434      0x408 c:/nxp/mcuxpressoide_10.0.2_411/ide/tools/bin/../lib/gcc/arm-none-eabi/5.4.1/../../../../arm-none-eabi/lib/armv7-m\libc.a(lib_a-mallocr.o)
                0x02000434                __malloc_av_
 .data.__malloc_trim_threshold
                0x0200083c        0x4 c:/nxp/mcuxpressoide_10.0.2_411/ide/tools/bin/../lib/gcc/arm-none-eabi/5.4.1/../../../../arm-none-eabi/lib/armv7-m\libc.a(lib_a-mallocr.o)
                0x0200083c                __malloc_trim_threshold
 .data.__malloc_sbrk_base
                0x02000840        0x4 c:/nxp/mcuxpressoide_10.0.2_411/ide/tools/bin/../lib/gcc/arm-none-eabi/5.4.1/../../../../arm-none-eabi/lib/armv7-m\libc.a(lib_a-mallocr.o)
                0x02000840                __malloc_sbrk_base
 .data.__global_locale
                0x02000844      0x16c c:/nxp/mcuxpressoide_10.0.2_411/ide/tools/bin/../lib/gcc/arm-none-eabi/5.4.1/../../../../arm-none-eabi/lib/armv7-m\libc.a(lib_a-locale.o)
                0x02000844                __global_locale
 .data          0x020009b0        0x4 c:/nxp/mcuxpressoide_10.0.2_411/ide/tools/bin/../lib/gcc/arm-none-eabi/5.4.1/armv7-m\crtbegin.o
                0x020009b0                __dso_handle
                0x020009b4                . = ALIGN (0x4)
                0x020009b4                _edata = .

.igot.plt       0x020009b4        0x0 load address 0x00009328
 .igot.plt      0x020009b4        0x0 ./src/DigitalIOPin.o

.jcr            0x020009b4        0x0 load address 0x00009328
 .jcr           0x020009b4        0x0 c:/nxp/mcuxpressoide_10.0.2_411/ide/tools/bin/../lib/gcc/arm-none-eabi/5.4.1/armv7-m\crtbegin.o

.bss_RAM2       0x02008000        0x0
                [!provide]                PROVIDE (__start_bss_RAM2, .)
 *(.bss.$RAM2*)
 *(.bss.$Ram2_4*)
                0x02008000                . = ALIGN ((. != 0x0)?0x4:0x1)
                [!provide]                PROVIDE (__end_bss_RAM2, .)

.bss            0x020009b4      0x1f8
                0x020009b4                _bss = .
 *(.bss*)
 .bss.countNumber
                0x020009b4        0x4 ./src/lab3.o
                0x020009b4                countNumber
 .bss.logger    0x020009b8        0x8 ./src/lab3.o
                0x020009b8                logger
 .bss.xQueueRegistry
                0x020009c0       0x50 C:\Users\Nick\Documents\MCUXpressoIDE_10.0.2_411\workspace\freertos\Debug\libfreertos.a(queue.o)
                0x020009c0                xQueueRegistry
 .bss.pxCurrentTCB
                0x02000a10        0x4 C:\Users\Nick\Documents\MCUXpressoIDE_10.0.2_411\workspace\freertos\Debug\libfreertos.a(tasks.o)
                0x02000a10                pxCurrentTCB
 .bss.pxReadyTasksLists
                0x02000a14       0xa0 C:\Users\Nick\Documents\MCUXpressoIDE_10.0.2_411\workspace\freertos\Debug\libfreertos.a(tasks.o)
 .bss.xDelayedTaskList1
                0x02000ab4       0x14 C:\Users\Nick\Documents\MCUXpressoIDE_10.0.2_411\workspace\freertos\Debug\libfreertos.a(tasks.o)
 .bss.xDelayedTaskList2
                0x02000ac8       0x14 C:\Users\Nick\Documents\MCUXpressoIDE_10.0.2_411\workspace\freertos\Debug\libfreertos.a(tasks.o)
 .bss.pxDelayedTaskList
                0x02000adc        0x4 C:\Users\Nick\Documents\MCUXpressoIDE_10.0.2_411\workspace\freertos\Debug\libfreertos.a(tasks.o)
 .bss.pxOverflowDelayedTaskList
                0x02000ae0        0x4 C:\Users\Nick\Documents\MCUXpressoIDE_10.0.2_411\workspace\freertos\Debug\libfreertos.a(tasks.o)
 .bss.xPendingReadyList
                0x02000ae4       0x14 C:\Users\Nick\Documents\MCUXpressoIDE_10.0.2_411\workspace\freertos\Debug\libfreertos.a(tasks.o)
 .bss.xTasksWaitingTermination
                0x02000af8       0x14 C:\Users\Nick\Documents\MCUXpressoIDE_10.0.2_411\workspace\freertos\Debug\libfreertos.a(tasks.o)
 .bss.uxTasksDeleted
                0x02000b0c        0x4 C:\Users\Nick\Documents\MCUXpressoIDE_10.0.2_411\workspace\freertos\Debug\libfreertos.a(tasks.o)
 .bss.xSuspendedTaskList
                0x02000b10       0x14 C:\Users\Nick\Documents\MCUXpressoIDE_10.0.2_411\workspace\freertos\Debug\libfreertos.a(tasks.o)
 .bss.uxCurrentNumberOfTasks
                0x02000b24        0x4 C:\Users\Nick\Documents\MCUXpressoIDE_10.0.2_411\workspace\freertos\Debug\libfreertos.a(tasks.o)
 .bss.xTickCount
                0x02000b28        0x4 C:\Users\Nick\Documents\MCUXpressoIDE_10.0.2_411\workspace\freertos\Debug\libfreertos.a(tasks.o)
 .bss.uxTopReadyPriority
                0x02000b2c        0x4 C:\Users\Nick\Documents\MCUXpressoIDE_10.0.2_411\workspace\freertos\Debug\libfreertos.a(tasks.o)
 .bss.xSchedulerRunning
                0x02000b30        0x4 C:\Users\Nick\Documents\MCUXpressoIDE_10.0.2_411\workspace\freertos\Debug\libfreertos.a(tasks.o)
 .bss.uxPendedTicks
                0x02000b34        0x4 C:\Users\Nick\Documents\MCUXpressoIDE_10.0.2_411\workspace\freertos\Debug\libfreertos.a(tasks.o)
 .bss.xYieldPending
                0x02000b38        0x4 C:\Users\Nick\Documents\MCUXpressoIDE_10.0.2_411\workspace\freertos\Debug\libfreertos.a(tasks.o)
 .bss.xNumOfOverflows
                0x02000b3c        0x4 C:\Users\Nick\Documents\MCUXpressoIDE_10.0.2_411\workspace\freertos\Debug\libfreertos.a(tasks.o)
 .bss.uxTaskNumber
                0x02000b40        0x4 C:\Users\Nick\Documents\MCUXpressoIDE_10.0.2_411\workspace\freertos\Debug\libfreertos.a(tasks.o)
 .bss.uxSchedulerSuspended
                0x02000b44        0x4 C:\Users\Nick\Documents\MCUXpressoIDE_10.0.2_411\workspace\freertos\Debug\libfreertos.a(tasks.o)
 .bss.ulTaskSwitchedInTime
                0x02000b48        0x4 C:\Users\Nick\Documents\MCUXpressoIDE_10.0.2_411\workspace\freertos\Debug\libfreertos.a(tasks.o)
 .bss.ulTotalRunTime
                0x02000b4c        0x4 C:\Users\Nick\Documents\MCUXpressoIDE_10.0.2_411\workspace\freertos\Debug\libfreertos.a(tasks.o)
 .bss.__malloc_max_total_mem
                0x02000b50        0x4 c:/nxp/mcuxpressoide_10.0.2_411/ide/tools/bin/../lib/gcc/arm-none-eabi/5.4.1/../../../../arm-none-eabi/lib/armv7-m\libc.a(lib_a-mallocr.o)
                0x02000b50                __malloc_max_total_mem
 .bss.__malloc_max_sbrked_mem
                0x02000b54        0x4 c:/nxp/mcuxpressoide_10.0.2_411/ide/tools/bin/../lib/gcc/arm-none-eabi/5.4.1/../../../../arm-none-eabi/lib/armv7-m\libc.a(lib_a-mallocr.o)
                0x02000b54                __malloc_max_sbrked_mem
 .bss.__malloc_top_pad
                0x02000b58        0x4 c:/nxp/mcuxpressoide_10.0.2_411/ide/tools/bin/../lib/gcc/arm-none-eabi/5.4.1/../../../../arm-none-eabi/lib/armv7-m\libc.a(lib_a-mallocr.o)
                0x02000b58                __malloc_top_pad
 .bss.__malloc_current_mallinfo
                0x02000b5c       0x28 c:/nxp/mcuxpressoide_10.0.2_411/ide/tools/bin/../lib/gcc/arm-none-eabi/5.4.1/../../../../arm-none-eabi/lib/armv7-m\libc.a(lib_a-mallocr.o)
                0x02000b5c                __malloc_current_mallinfo
 .bss.__end_of_heap
                0x02000b84        0x4 c:/nxp/mcuxpressoide_10.0.2_411/ide/tools/bin/../lib/gcc/arm-none-eabi/5.4.1/../../../../arm-none-eabi/lib/armv7-m\libcr_newlib_nohost.a(_cr_sbrk.o)
                0x02000b84                __end_of_heap
 .bss           0x02000b88       0x1c c:/nxp/mcuxpressoide_10.0.2_411/ide/tools/bin/../lib/gcc/arm-none-eabi/5.4.1/armv7-m\crtbegin.o
 *(COMMON)
 COMMON         0x02000ba4        0x4 C:\Users\Nick\Documents\MCUXpressoIDE_10.0.2_411\workspace\lpc_chip_15xx\Debug\liblpc_chip_15xx.a(chip_15xx.o)
                0x02000ba4                SystemCoreClock
 COMMON         0x02000ba8        0x4 c:/nxp/mcuxpressoide_10.0.2_411/ide/tools/bin/../lib/gcc/arm-none-eabi/5.4.1/../../../../arm-none-eabi/lib/armv7-m\libc.a(lib_a-reent.o)
                0x02000ba8                errno
                0x02000bac                . = ALIGN (0x4)
                0x02000bac                _ebss = .
                [!provide]                PROVIDE (end, .)

.noinit_RAM2    0x02008000        0x0
 *(.noinit.$RAM2*)
 *(.noinit.$Ram2_4*)
                0x02008000                . = ALIGN (0x4)

.noinit         0x02000bac        0x0
                0x02000bac                _noinit = .
 *(.noinit*)
                0x02000bac                . = ALIGN (0x4)
                0x02000bac                _end_noinit = .
                0x02000bac                PROVIDE (_pvHeapStart, DEFINED (__user_heap_base)?__user_heap_base:.)
                0x02008000                PROVIDE (_vStackTop, DEFINED (__user_stack_top)?__user_stack_top:(__top_Ram0_16_32 - 0x0))
                0xfdff732e                PROVIDE (__valid_user_code_checksum, (0x0 - ((((((_vStackTop + (ResetISR + 0x1)) + (NMI_Handler + 0x1)) + (HardFault_Handler + 0x1)) + (DEFINED (MemManage_Handler)?MemManage_Handler:0x0 + 0x1)) + (DEFINED (BusFault_Handler)?BusFault_Handler:0x0 + 0x1)) + (DEFINED (UsageFault_Handler)?UsageFault_Handler:0x0 + 0x1))))
OUTPUT(lab3.axf elf32-littlearm)

.debug_info     0x00000000    0x132c0
 .debug_info    0x00000000      0x637 ./src/DigitalIOPin.o
 .debug_info    0x00000637      0x1b6 ./src/cr_cpp_config.o
 .debug_info    0x000007ed      0x281 ./src/cr_startup_lpc15xx.o
 .debug_info    0x00000a6e     0x484a ./src/lab3.o
 .debug_info    0x000052b8       0xee ./src/sysinit.o
 .debug_info    0x000053a6     0x41ce ./src/syslog.o
 .debug_info    0x00009574      0xb0d C:\Users\Nick\Documents\MCUXpressoIDE_10.0.2_411\workspace\lpc_board_nxp_lpcxpresso_1549\Debug\liblpc_board_nxp_lpcxpresso_1549.a(board.o)
 .debug_info    0x0000a081      0xcbc C:\Users\Nick\Documents\MCUXpressoIDE_10.0.2_411\workspace\lpc_board_nxp_lpcxpresso_1549\Debug\liblpc_board_nxp_lpcxpresso_1549.a(board_sysinit.o)
 .debug_info    0x0000ad3d      0x9ae C:\Users\Nick\Documents\MCUXpressoIDE_10.0.2_411\workspace\lpc_chip_15xx\Debug\liblpc_chip_15xx.a(chip_15xx.o)
 .debug_info    0x0000b6eb      0xd6a C:\Users\Nick\Documents\MCUXpressoIDE_10.0.2_411\workspace\lpc_chip_15xx\Debug\liblpc_chip_15xx.a(clock_15xx.o)
 .debug_info    0x0000c455      0x645 C:\Users\Nick\Documents\MCUXpressoIDE_10.0.2_411\workspace\lpc_chip_15xx\Debug\liblpc_chip_15xx.a(gpio_15xx.o)
 .debug_info    0x0000ca9a      0x21a C:\Users\Nick\Documents\MCUXpressoIDE_10.0.2_411\workspace\lpc_chip_15xx\Debug\liblpc_chip_15xx.a(iocon_15xx.o)
 .debug_info    0x0000ccb4      0xa58 C:\Users\Nick\Documents\MCUXpressoIDE_10.0.2_411\workspace\lpc_chip_15xx\Debug\liblpc_chip_15xx.a(sct_15xx.o)
 .debug_info    0x0000d70c      0x60b C:\Users\Nick\Documents\MCUXpressoIDE_10.0.2_411\workspace\lpc_chip_15xx\Debug\liblpc_chip_15xx.a(swm_15xx.o)
 .debug_info    0x0000dd17      0x76d C:\Users\Nick\Documents\MCUXpressoIDE_10.0.2_411\workspace\lpc_chip_15xx\Debug\liblpc_chip_15xx.a(sysctl_15xx.o)
 .debug_info    0x0000e484      0x748 C:\Users\Nick\Documents\MCUXpressoIDE_10.0.2_411\workspace\lpc_chip_15xx\Debug\liblpc_chip_15xx.a(sysinit_15xx.o)
 .debug_info    0x0000ebcc      0x8f4 C:\Users\Nick\Documents\MCUXpressoIDE_10.0.2_411\workspace\lpc_chip_15xx\Debug\liblpc_chip_15xx.a(uart_15xx.o)
 .debug_info    0x0000f4c0      0xcb2 C:\Users\Nick\Documents\MCUXpressoIDE_10.0.2_411\workspace\freertos\Debug\libfreertos.a(queue.o)
 .debug_info    0x00010172     0x2181 C:\Users\Nick\Documents\MCUXpressoIDE_10.0.2_411\workspace\freertos\Debug\libfreertos.a(tasks.o)
 .debug_info    0x000122f3      0x1ae C:\Users\Nick\Documents\MCUXpressoIDE_10.0.2_411\workspace\freertos\Debug\libfreertos.a(FreeRTOSCommonHooks.o)
 .debug_info    0x000124a1      0x143 C:\Users\Nick\Documents\MCUXpressoIDE_10.0.2_411\workspace\freertos\Debug\libfreertos.a(heap_3.o)
 .debug_info    0x000125e4      0x2ee C:\Users\Nick\Documents\MCUXpressoIDE_10.0.2_411\workspace\freertos\Debug\libfreertos.a(list.o)
 .debug_info    0x000128d2      0x38e C:\Users\Nick\Documents\MCUXpressoIDE_10.0.2_411\workspace\freertos\Debug\libfreertos.a(port.o)
 .debug_info    0x00012c60      0x124 c:/nxp/mcuxpressoide_10.0.2_411/ide/tools/bin/../lib/gcc/arm-none-eabi/5.4.1/../../../../arm-none-eabi/lib/armv7-m\libcr_newlib_nohost.a(_cr_sbrk.o)
 .debug_info    0x00012d84       0xb5 c:/nxp/mcuxpressoide_10.0.2_411/ide/tools/bin/../lib/gcc/arm-none-eabi/5.4.1/../../../../arm-none-eabi/lib/armv7-m\libcr_newlib_nohost.a(close.o)
 .debug_info    0x00012e39      0x297 c:/nxp/mcuxpressoide_10.0.2_411/ide/tools/bin/../lib/gcc/arm-none-eabi/5.4.1/../../../../arm-none-eabi/lib/armv7-m\libcr_newlib_nohost.a(fstat.o)
 .debug_info    0x000130d0       0xb5 c:/nxp/mcuxpressoide_10.0.2_411/ide/tools/bin/../lib/gcc/arm-none-eabi/5.4.1/../../../../arm-none-eabi/lib/armv7-m\libcr_newlib_nohost.a(isatty.o)
 .debug_info    0x00013185       0xd1 c:/nxp/mcuxpressoide_10.0.2_411/ide/tools/bin/../lib/gcc/arm-none-eabi/5.4.1/../../../../arm-none-eabi/lib/armv7-m\libcr_newlib_nohost.a(lseek.o)
 .debug_info    0x00013256       0x6a c:/nxp/mcuxpressoide_10.0.2_411/ide/tools/bin/../lib/gcc/arm-none-eabi/5.4.1/../../../../arm-none-eabi/lib/armv7-m\libcr_newlib_nohost.a(_cr_check_heap.o)

.debug_abbrev   0x00000000     0x3278
 .debug_abbrev  0x00000000      0x219 ./src/DigitalIOPin.o
 .debug_abbrev  0x00000219       0xfb ./src/cr_cpp_config.o
 .debug_abbrev  0x00000314       0xe7 ./src/cr_startup_lpc15xx.o
 .debug_abbrev  0x000003fb      0x6f8 ./src/lab3.o
 .debug_abbrev  0x00000af3       0x82 ./src/sysinit.o
 .debug_abbrev  0x00000b75      0x6ba ./src/syslog.o
 .debug_abbrev  0x0000122f      0x240 C:\Users\Nick\Documents\MCUXpressoIDE_10.0.2_411\workspace\lpc_board_nxp_lpcxpresso_1549\Debug\liblpc_board_nxp_lpcxpresso_1549.a(board.o)
 .debug_abbrev  0x0000146f      0x208 C:\Users\Nick\Documents\MCUXpressoIDE_10.0.2_411\workspace\lpc_board_nxp_lpcxpresso_1549\Debug\liblpc_board_nxp_lpcxpresso_1549.a(board_sysinit.o)
 .debug_abbrev  0x00001677      0x1b3 C:\Users\Nick\Documents\MCUXpressoIDE_10.0.2_411\workspace\lpc_chip_15xx\Debug\liblpc_chip_15xx.a(chip_15xx.o)
 .debug_abbrev  0x0000182a      0x285 C:\Users\Nick\Documents\MCUXpressoIDE_10.0.2_411\workspace\lpc_chip_15xx\Debug\liblpc_chip_15xx.a(clock_15xx.o)
 .debug_abbrev  0x00001aaf      0x16a C:\Users\Nick\Documents\MCUXpressoIDE_10.0.2_411\workspace\lpc_chip_15xx\Debug\liblpc_chip_15xx.a(gpio_15xx.o)
 .debug_abbrev  0x00001c19      0x137 C:\Users\Nick\Documents\MCUXpressoIDE_10.0.2_411\workspace\lpc_chip_15xx\Debug\liblpc_chip_15xx.a(iocon_15xx.o)
 .debug_abbrev  0x00001d50      0x200 C:\Users\Nick\Documents\MCUXpressoIDE_10.0.2_411\workspace\lpc_chip_15xx\Debug\liblpc_chip_15xx.a(sct_15xx.o)
 .debug_abbrev  0x00001f50      0x13e C:\Users\Nick\Documents\MCUXpressoIDE_10.0.2_411\workspace\lpc_chip_15xx\Debug\liblpc_chip_15xx.a(swm_15xx.o)
 .debug_abbrev  0x0000208e      0x12b C:\Users\Nick\Documents\MCUXpressoIDE_10.0.2_411\workspace\lpc_chip_15xx\Debug\liblpc_chip_15xx.a(sysctl_15xx.o)
 .debug_abbrev  0x000021b9      0x18c C:\Users\Nick\Documents\MCUXpressoIDE_10.0.2_411\workspace\lpc_chip_15xx\Debug\liblpc_chip_15xx.a(sysinit_15xx.o)
 .debug_abbrev  0x00002345      0x1e6 C:\Users\Nick\Documents\MCUXpressoIDE_10.0.2_411\workspace\lpc_chip_15xx\Debug\liblpc_chip_15xx.a(uart_15xx.o)
 .debug_abbrev  0x0000252b      0x1f7 C:\Users\Nick\Documents\MCUXpressoIDE_10.0.2_411\workspace\freertos\Debug\libfreertos.a(queue.o)
 .debug_abbrev  0x00002722      0x384 C:\Users\Nick\Documents\MCUXpressoIDE_10.0.2_411\workspace\freertos\Debug\libfreertos.a(tasks.o)
 .debug_abbrev  0x00002aa6      0x129 C:\Users\Nick\Documents\MCUXpressoIDE_10.0.2_411\workspace\freertos\Debug\libfreertos.a(FreeRTOSCommonHooks.o)
 .debug_abbrev  0x00002bcf       0xd4 C:\Users\Nick\Documents\MCUXpressoIDE_10.0.2_411\workspace\freertos\Debug\libfreertos.a(heap_3.o)
 .debug_abbrev  0x00002ca3       0xec C:\Users\Nick\Documents\MCUXpressoIDE_10.0.2_411\workspace\freertos\Debug\libfreertos.a(list.o)
 .debug_abbrev  0x00002d8f      0x1ad C:\Users\Nick\Documents\MCUXpressoIDE_10.0.2_411\workspace\freertos\Debug\libfreertos.a(port.o)
 .debug_abbrev  0x00002f3c       0xcf c:/nxp/mcuxpressoide_10.0.2_411/ide/tools/bin/../lib/gcc/arm-none-eabi/5.4.1/../../../../arm-none-eabi/lib/armv7-m\libcr_newlib_nohost.a(_cr_sbrk.o)
 .debug_abbrev  0x0000300b       0x66 c:/nxp/mcuxpressoide_10.0.2_411/ide/tools/bin/../lib/gcc/arm-none-eabi/5.4.1/../../../../arm-none-eabi/lib/armv7-m\libcr_newlib_nohost.a(close.o)
 .debug_abbrev  0x00003071       0xbb c:/nxp/mcuxpressoide_10.0.2_411/ide/tools/bin/../lib/gcc/arm-none-eabi/5.4.1/../../../../arm-none-eabi/lib/armv7-m\libcr_newlib_nohost.a(fstat.o)
 .debug_abbrev  0x0000312c       0x66 c:/nxp/mcuxpressoide_10.0.2_411/ide/tools/bin/../lib/gcc/arm-none-eabi/5.4.1/../../../../arm-none-eabi/lib/armv7-m\libcr_newlib_nohost.a(isatty.o)
 .debug_abbrev  0x00003192       0x84 c:/nxp/mcuxpressoide_10.0.2_411/ide/tools/bin/../lib/gcc/arm-none-eabi/5.4.1/../../../../arm-none-eabi/lib/armv7-m\libcr_newlib_nohost.a(lseek.o)
 .debug_abbrev  0x00003216       0x62 c:/nxp/mcuxpressoide_10.0.2_411/ide/tools/bin/../lib/gcc/arm-none-eabi/5.4.1/../../../../arm-none-eabi/lib/armv7-m\libcr_newlib_nohost.a(_cr_check_heap.o)

.debug_aranges  0x00000000      0xb98
 .debug_aranges
                0x00000000       0x68 ./src/DigitalIOPin.o
 .debug_aranges
                0x00000068       0x48 ./src/cr_cpp_config.o
 .debug_aranges
                0x000000b0       0x80 ./src/cr_startup_lpc15xx.o
 .debug_aranges
                0x00000130       0x60 ./src/lab3.o
 .debug_aranges
                0x00000190       0x20 ./src/sysinit.o
 .debug_aranges
                0x000001b0       0x48 ./src/syslog.o
 .debug_aranges
                0x000001f8       0xd0 C:\Users\Nick\Documents\MCUXpressoIDE_10.0.2_411\workspace\lpc_board_nxp_lpcxpresso_1549\Debug\liblpc_board_nxp_lpcxpresso_1549.a(board.o)
 .debug_aranges
                0x000002c8       0x60 C:\Users\Nick\Documents\MCUXpressoIDE_10.0.2_411\workspace\lpc_board_nxp_lpcxpresso_1549\Debug\liblpc_board_nxp_lpcxpresso_1549.a(board_sysinit.o)
 .debug_aranges
                0x00000328       0x50 C:\Users\Nick\Documents\MCUXpressoIDE_10.0.2_411\workspace\lpc_chip_15xx\Debug\liblpc_chip_15xx.a(chip_15xx.o)
 .debug_aranges
                0x00000378      0x128 C:\Users\Nick\Documents\MCUXpressoIDE_10.0.2_411\workspace\lpc_chip_15xx\Debug\liblpc_chip_15xx.a(clock_15xx.o)
 .debug_aranges
                0x000004a0       0x70 C:\Users\Nick\Documents\MCUXpressoIDE_10.0.2_411\workspace\lpc_chip_15xx\Debug\liblpc_chip_15xx.a(gpio_15xx.o)
 .debug_aranges
                0x00000510       0x28 C:\Users\Nick\Documents\MCUXpressoIDE_10.0.2_411\workspace\lpc_chip_15xx\Debug\liblpc_chip_15xx.a(iocon_15xx.o)
 .debug_aranges
                0x00000538       0x50 C:\Users\Nick\Documents\MCUXpressoIDE_10.0.2_411\workspace\lpc_chip_15xx\Debug\liblpc_chip_15xx.a(sct_15xx.o)
 .debug_aranges
                0x00000588       0x40 C:\Users\Nick\Documents\MCUXpressoIDE_10.0.2_411\workspace\lpc_chip_15xx\Debug\liblpc_chip_15xx.a(swm_15xx.o)
 .debug_aranges
                0x000005c8       0x50 C:\Users\Nick\Documents\MCUXpressoIDE_10.0.2_411\workspace\lpc_chip_15xx\Debug\liblpc_chip_15xx.a(sysctl_15xx.o)
 .debug_aranges
                0x00000618       0x58 C:\Users\Nick\Documents\MCUXpressoIDE_10.0.2_411\workspace\lpc_chip_15xx\Debug\liblpc_chip_15xx.a(sysinit_15xx.o)
 .debug_aranges
                0x00000670       0xc8 C:\Users\Nick\Documents\MCUXpressoIDE_10.0.2_411\workspace\lpc_chip_15xx\Debug\liblpc_chip_15xx.a(uart_15xx.o)
 .debug_aranges
                0x00000738       0xf0 C:\Users\Nick\Documents\MCUXpressoIDE_10.0.2_411\workspace\freertos\Debug\libfreertos.a(queue.o)
 .debug_aranges
                0x00000828      0x180 C:\Users\Nick\Documents\MCUXpressoIDE_10.0.2_411\workspace\freertos\Debug\libfreertos.a(tasks.o)
 .debug_aranges
                0x000009a8       0x40 C:\Users\Nick\Documents\MCUXpressoIDE_10.0.2_411\workspace\freertos\Debug\libfreertos.a(FreeRTOSCommonHooks.o)
 .debug_aranges
                0x000009e8       0x28 C:\Users\Nick\Documents\MCUXpressoIDE_10.0.2_411\workspace\freertos\Debug\libfreertos.a(heap_3.o)
 .debug_aranges
                0x00000a10       0x40 C:\Users\Nick\Documents\MCUXpressoIDE_10.0.2_411\workspace\freertos\Debug\libfreertos.a(list.o)
 .debug_aranges
                0x00000a50       0x88 C:\Users\Nick\Documents\MCUXpressoIDE_10.0.2_411\workspace\freertos\Debug\libfreertos.a(port.o)
 .debug_aranges
                0x00000ad8       0x20 c:/nxp/mcuxpressoide_10.0.2_411/ide/tools/bin/../lib/gcc/arm-none-eabi/5.4.1/../../../../arm-none-eabi/lib/armv7-m\libcr_newlib_nohost.a(_cr_sbrk.o)
 .debug_aranges
                0x00000af8       0x20 c:/nxp/mcuxpressoide_10.0.2_411/ide/tools/bin/../lib/gcc/arm-none-eabi/5.4.1/../../../../arm-none-eabi/lib/armv7-m\libcr_newlib_nohost.a(close.o)
 .debug_aranges
                0x00000b18       0x20 c:/nxp/mcuxpressoide_10.0.2_411/ide/tools/bin/../lib/gcc/arm-none-eabi/5.4.1/../../../../arm-none-eabi/lib/armv7-m\libcr_newlib_nohost.a(fstat.o)
 .debug_aranges
                0x00000b38       0x20 c:/nxp/mcuxpressoide_10.0.2_411/ide/tools/bin/../lib/gcc/arm-none-eabi/5.4.1/../../../../arm-none-eabi/lib/armv7-m\libcr_newlib_nohost.a(isatty.o)
 .debug_aranges
                0x00000b58       0x20 c:/nxp/mcuxpressoide_10.0.2_411/ide/tools/bin/../lib/gcc/arm-none-eabi/5.4.1/../../../../arm-none-eabi/lib/armv7-m\libcr_newlib_nohost.a(lseek.o)
 .debug_aranges
                0x00000b78       0x20 c:/nxp/mcuxpressoide_10.0.2_411/ide/tools/bin/../lib/gcc/arm-none-eabi/5.4.1/../../../../arm-none-eabi/lib/armv7-m\libcr_newlib_nohost.a(_cr_check_heap.o)

.debug_ranges   0x00000000      0x9e0
 .debug_ranges  0x00000000       0x58 ./src/DigitalIOPin.o
 .debug_ranges  0x00000058       0x38 ./src/cr_cpp_config.o
 .debug_ranges  0x00000090       0x70 ./src/cr_startup_lpc15xx.o
 .debug_ranges  0x00000100       0x50 ./src/lab3.o
 .debug_ranges  0x00000150       0x10 ./src/sysinit.o
 .debug_ranges  0x00000160       0x38 ./src/syslog.o
 .debug_ranges  0x00000198       0xd8 C:\Users\Nick\Documents\MCUXpressoIDE_10.0.2_411\workspace\lpc_board_nxp_lpcxpresso_1549\Debug\liblpc_board_nxp_lpcxpresso_1549.a(board.o)
 .debug_ranges  0x00000270       0x50 C:\Users\Nick\Documents\MCUXpressoIDE_10.0.2_411\workspace\lpc_board_nxp_lpcxpresso_1549\Debug\liblpc_board_nxp_lpcxpresso_1549.a(board_sysinit.o)
 .debug_ranges  0x000002c0       0x40 C:\Users\Nick\Documents\MCUXpressoIDE_10.0.2_411\workspace\lpc_chip_15xx\Debug\liblpc_chip_15xx.a(chip_15xx.o)
 .debug_ranges  0x00000300      0x118 C:\Users\Nick\Documents\MCUXpressoIDE_10.0.2_411\workspace\lpc_chip_15xx\Debug\liblpc_chip_15xx.a(clock_15xx.o)
 .debug_ranges  0x00000418       0x60 C:\Users\Nick\Documents\MCUXpressoIDE_10.0.2_411\workspace\lpc_chip_15xx\Debug\liblpc_chip_15xx.a(gpio_15xx.o)
 .debug_ranges  0x00000478       0x18 C:\Users\Nick\Documents\MCUXpressoIDE_10.0.2_411\workspace\lpc_chip_15xx\Debug\liblpc_chip_15xx.a(iocon_15xx.o)
 .debug_ranges  0x00000490       0x40 C:\Users\Nick\Documents\MCUXpressoIDE_10.0.2_411\workspace\lpc_chip_15xx\Debug\liblpc_chip_15xx.a(sct_15xx.o)
 .debug_ranges  0x000004d0       0x30 C:\Users\Nick\Documents\MCUXpressoIDE_10.0.2_411\workspace\lpc_chip_15xx\Debug\liblpc_chip_15xx.a(swm_15xx.o)
 .debug_ranges  0x00000500       0x40 C:\Users\Nick\Documents\MCUXpressoIDE_10.0.2_411\workspace\lpc_chip_15xx\Debug\liblpc_chip_15xx.a(sysctl_15xx.o)
 .debug_ranges  0x00000540       0x48 C:\Users\Nick\Documents\MCUXpressoIDE_10.0.2_411\workspace\lpc_chip_15xx\Debug\liblpc_chip_15xx.a(sysinit_15xx.o)
 .debug_ranges  0x00000588       0xb8 C:\Users\Nick\Documents\MCUXpressoIDE_10.0.2_411\workspace\lpc_chip_15xx\Debug\liblpc_chip_15xx.a(uart_15xx.o)
 .debug_ranges  0x00000640       0xe0 C:\Users\Nick\Documents\MCUXpressoIDE_10.0.2_411\workspace\freertos\Debug\libfreertos.a(queue.o)
 .debug_ranges  0x00000720      0x170 C:\Users\Nick\Documents\MCUXpressoIDE_10.0.2_411\workspace\freertos\Debug\libfreertos.a(tasks.o)
 .debug_ranges  0x00000890       0x30 C:\Users\Nick\Documents\MCUXpressoIDE_10.0.2_411\workspace\freertos\Debug\libfreertos.a(FreeRTOSCommonHooks.o)
 .debug_ranges  0x000008c0       0x18 C:\Users\Nick\Documents\MCUXpressoIDE_10.0.2_411\workspace\freertos\Debug\libfreertos.a(heap_3.o)
 .debug_ranges  0x000008d8       0x30 C:\Users\Nick\Documents\MCUXpressoIDE_10.0.2_411\workspace\freertos\Debug\libfreertos.a(list.o)
 .debug_ranges  0x00000908       0x78 C:\Users\Nick\Documents\MCUXpressoIDE_10.0.2_411\workspace\freertos\Debug\libfreertos.a(port.o)
 .debug_ranges  0x00000980       0x10 c:/nxp/mcuxpressoide_10.0.2_411/ide/tools/bin/../lib/gcc/arm-none-eabi/5.4.1/../../../../arm-none-eabi/lib/armv7-m\libcr_newlib_nohost.a(_cr_sbrk.o)
 .debug_ranges  0x00000990       0x10 c:/nxp/mcuxpressoide_10.0.2_411/ide/tools/bin/../lib/gcc/arm-none-eabi/5.4.1/../../../../arm-none-eabi/lib/armv7-m\libcr_newlib_nohost.a(close.o)
 .debug_ranges  0x000009a0       0x10 c:/nxp/mcuxpressoide_10.0.2_411/ide/tools/bin/../lib/gcc/arm-none-eabi/5.4.1/../../../../arm-none-eabi/lib/armv7-m\libcr_newlib_nohost.a(fstat.o)
 .debug_ranges  0x000009b0       0x10 c:/nxp/mcuxpressoide_10.0.2_411/ide/tools/bin/../lib/gcc/arm-none-eabi/5.4.1/../../../../arm-none-eabi/lib/armv7-m\libcr_newlib_nohost.a(isatty.o)
 .debug_ranges  0x000009c0       0x10 c:/nxp/mcuxpressoide_10.0.2_411/ide/tools/bin/../lib/gcc/arm-none-eabi/5.4.1/../../../../arm-none-eabi/lib/armv7-m\libcr_newlib_nohost.a(lseek.o)
 .debug_ranges  0x000009d0       0x10 c:/nxp/mcuxpressoide_10.0.2_411/ide/tools/bin/../lib/gcc/arm-none-eabi/5.4.1/../../../../arm-none-eabi/lib/armv7-m\libcr_newlib_nohost.a(_cr_check_heap.o)

.debug_macro    0x00000000     0xaea1
 .debug_macro   0x00000000      0x26f ./src/DigitalIOPin.o
 .debug_macro   0x0000026f      0x934 ./src/DigitalIOPin.o
 .debug_macro   0x00000ba3       0x1c ./src/DigitalIOPin.o
 .debug_macro   0x00000bbf       0x22 ./src/DigitalIOPin.o
 .debug_macro   0x00000be1       0x4f ./src/DigitalIOPin.o
 .debug_macro   0x00000c30       0x44 ./src/DigitalIOPin.o
 .debug_macro   0x00000c74       0xfd ./src/DigitalIOPin.o
 .debug_macro   0x00000d71       0x5e ./src/DigitalIOPin.o
 .debug_macro   0x00000dcf      0x1df ./src/DigitalIOPin.o
 .debug_macro   0x00000fae       0x16 ./src/DigitalIOPin.o
 .debug_macro   0x00000fc4       0x7b ./src/DigitalIOPin.o
 .debug_macro   0x0000103f       0x10 ./src/DigitalIOPin.o