12:11:07 **** Build of configuration Debug for project lab0201 ****
make -r -j4 all 
Building target: lab0201.axf
Invoking: MCU C++ Linker
arm-none-eabi-c++ -nostdlib -L"C:\Users\Nick\Documents\MCUXpressoIDE_10.0.2_411\workspace\lpc_board_nxp_lpcxpresso_1549\Debug" -L"C:\Users\Nick\Documents\MCUXpressoIDE_10.0.2_411\workspace\lpc_chip_15xx\Debug" -L"C:\Users\Nick\Documents\MCUXpressoIDE_10.0.2_411\workspace\freertos\Debug" -Xlinker -Map="lab0201.map" -Xlinker --gc-sections -Xlinker -print-memory-usage -mcpu=cortex-m3 -mthumb -T "lab1_Debug.ld" -o "lab0201.axf"  ./src/DigitalIOPin.o ./src/cr_cpp_config.o ./src/cr_startup_lpc15xx.o ./src/crp.o ./src/lab0201.o ./src/sysinit.o ./src/syslog.o   -llpc_board_nxp_lpcxpresso_1549 -llpc_chip_15xx -lfreertos
Memory region         Used Size  Region Size  %age Used
       MFlash256:       33612 B       256 KB     12.82%
         Ram0_16:        2852 B        16 KB     17.41%
         Ram1_16:          0 GB        16 KB      0.00%
          Ram2_4:          0 GB         4 KB      0.00%
Finished building target: lab0201.axf
 
make --no-print-directory post-build
Performing post-build steps
arm-none-eabi-size "lab0201.axf"; # arm-none-eabi-objcopy -v -O binary "lab0201.axf" "lab0201.bin" ; # checksum -p LPC1549 -d "lab0201.bin";
   text	   data	    bss	    dec	    hex	filename
  31476	   2136	    716	  34328	   8618	lab0201.axf
 

12:11:07 Build Finished (took 814ms)

