11:35:17 **** Incremental Build of configuration Debug for project lab1001 ****
make -r -j4 all 
Building file: ../src/DigitalIOPin.cpp
Building file: ../src/Fmutex.cpp
Building file: ../src/ITM_write.c
Building file: ../src/cr_cpp_config.cpp
Invoking: MCU C++ Compiler
Invoking: MCU C++ Compiler
arm-none-eabi-c++ -std=c++11 -D__NEWLIB__ -DDEBUG -D__CODE_RED -DCORE_M3 -D__USE_LPCOPEN -DCPP_USE_HEAP -D__LPC15XX__ -I"C:\Users\Nick\Documents\MCUXpressoIDE_10.0.2_411\workspace\lpc_board_nxp_lpcxpresso_1549\inc" -I"C:\Users\Nick\Documents\MCUXpressoIDE_10.0.2_411\workspace\lpc_chip_15xx\inc" -I"C:\Users\Nick\Documents\MCUXpressoIDE_10.0.2_411\workspace\freertos\inc" -O0 -fno-common -g3 -Wall -c -fmessage-length=0 -fno-builtin -ffunction-sections -fdata-sections -fno-rtti -fno-exceptions -mcpu=cortex-m3 -mthumb -MMD -MP -MF"src/DigitalIOPin.d" -MT"src/DigitalIOPin.o" -MT"src/DigitalIOPin.d" -o "src/DigitalIOPin.o" "../src/DigitalIOPin.cpp"
arm-none-eabi-c++ -std=c++11 -D__NEWLIB__ -DDEBUG -D__CODE_RED -DCORE_M3 -D__USE_LPCOPEN -DCPP_USE_HEAP -D__LPC15XX__ -I"C:\Users\Nick\Documents\MCUXpressoIDE_10.0.2_411\workspace\lpc_board_nxp_lpcxpresso_1549\inc" -I"C:\Users\Nick\Documents\MCUXpressoIDE_10.0.2_411\workspace\lpc_chip_15xx\inc" -I"C:\Users\Nick\Documents\MCUXpressoIDE_10.0.2_411\workspace\freertos\inc" -O0 -fno-common -g3 -Wall -c -fmessage-length=0 -fno-builtin -ffunction-sections -fdata-sections -fno-rtti -fno-exceptions -mcpu=cortex-m3 -mthumb -MMD -MP -MF"src/Fmutex.d" -MT"src/Fmutex.o" -MT"src/Fmutex.d" -o "src/Fmutex.o" "../src/Fmutex.cpp"
Invoking: MCU C++ Compiler
Invoking: MCU C Compiler
arm-none-eabi-gcc -std=c11 -D__NEWLIB__ -DDEBUG -D__CODE_RED -DCORE_M3 -D__USE_LPCOPEN -DCPP_USE_HEAP -D__LPC15XX__ -I"C:\Users\Nick\Documents\MCUXpressoIDE_10.0.2_411\workspace\lpc_board_nxp_lpcxpresso_1549\inc" -I"C:\Users\Nick\Documents\MCUXpressoIDE_10.0.2_411\workspace\lpc_chip_15xx\inc" -I"C:\Users\Nick\Documents\MCUXpressoIDE_10.0.2_411\workspace\freertos\inc" -O0 -fno-common -g3 -Wall -c -fmessage-length=0 -fno-builtin -ffunction-sections -fdata-sections -mcpu=cortex-m3 -mthumb -MMD -MP -MF"src/ITM_write.d" -MT"src/ITM_write.o" -MT"src/ITM_write.d" -o "src/ITM_write.o" "../src/ITM_write.c"
arm-none-eabi-c++ -std=c++11 -D__NEWLIB__ -DDEBUG -D__CODE_RED -DCORE_M3 -D__USE_LPCOPEN -DCPP_USE_HEAP -D__LPC15XX__ -I"C:\Users\Nick\Documents\MCUXpressoIDE_10.0.2_411\workspace\lpc_board_nxp_lpcxpresso_1549\inc" -I"C:\Users\Nick\Documents\MCUXpressoIDE_10.0.2_411\workspace\lpc_chip_15xx\inc" -I"C:\Users\Nick\Documents\MCUXpressoIDE_10.0.2_411\workspace\freertos\inc" -O0 -fno-common -g3 -Wall -c -fmessage-length=0 -fno-builtin -ffunction-sections -fdata-sections -fno-rtti -fno-exceptions -mcpu=cortex-m3 -mthumb -MMD -MP -MF"src/cr_cpp_config.d" -MT"src/cr_cpp_config.o" -MT"src/cr_cpp_config.d" -o "src/cr_cpp_config.o" "../src/cr_cpp_config.cpp"
Finished building: ../src/DigitalIOPin.cpp
Finished building: ../src/cr_cpp_config.cpp
Finished building: ../src/ITM_write.c
 
 
 
Building file: ../src/crp.c
Building file: ../src/cr_startup_lpc15xx.cpp
Invoking: MCU C Compiler
Invoking: MCU C++ Compiler
arm-none-eabi-gcc -std=c11 -D__NEWLIB__ -DDEBUG -D__CODE_RED -DCORE_M3 -D__USE_LPCOPEN -DCPP_USE_HEAP -D__LPC15XX__ -I"C:\Users\Nick\Documents\MCUXpressoIDE_10.0.2_411\workspace\lpc_board_nxp_lpcxpresso_1549\inc" -I"C:\Users\Nick\Documents\MCUXpressoIDE_10.0.2_411\workspace\lpc_chip_15xx\inc" -I"C:\Users\Nick\Documents\MCUXpressoIDE_10.0.2_411\workspace\freertos\inc" -O0 -fno-common -g3 -Wall -c -fmessage-length=0 -fno-builtin -ffunction-sections -fdata-sections -mcpu=cortex-m3 -mthumb -MMD -MP -MF"src/crp.d" -MT"src/crp.o" -MT"src/crp.d" -o "src/crp.o" "../src/crp.c"
Building file: ../src/lab1001.cpp
arm-none-eabi-c++ -std=c++11 -D__NEWLIB__ -DDEBUG -D__CODE_RED -DCORE_M3 -D__USE_LPCOPEN -DCPP_USE_HEAP -D__LPC15XX__ -I"C:\Users\Nick\Documents\MCUXpressoIDE_10.0.2_411\workspace\lpc_board_nxp_lpcxpresso_1549\inc" -I"C:\Users\Nick\Documents\MCUXpressoIDE_10.0.2_411\workspace\lpc_chip_15xx\inc" -I"C:\Users\Nick\Documents\MCUXpressoIDE_10.0.2_411\workspace\freertos\inc" -O0 -fno-common -g3 -Wall -c -fmessage-length=0 -fno-builtin -ffunction-sections -fdata-sections -fno-rtti -fno-exceptions -mcpu=cortex-m3 -mthumb -MMD -MP -MF"src/cr_startup_lpc15xx.d" -MT"src/cr_startup_lpc15xx.o" -MT"src/cr_startup_lpc15xx.d" -o "src/cr_startup_lpc15xx.o" "../src/cr_startup_lpc15xx.cpp"
Invoking: MCU C++ Compiler
arm-none-eabi-c++ -std=c++11 -D__NEWLIB__ -DDEBUG -D__CODE_RED -DCORE_M3 -D__USE_LPCOPEN -DCPP_USE_HEAP -D__LPC15XX__ -I"C:\Users\Nick\Documents\MCUXpressoIDE_10.0.2_411\workspace\lpc_board_nxp_lpcxpresso_1549\inc" -I"C:\Users\Nick\Documents\MCUXpressoIDE_10.0.2_411\workspace\lpc_chip_15xx\inc" -I"C:\Users\Nick\Documents\MCUXpressoIDE_10.0.2_411\workspace\freertos\inc" -O0 -fno-common -g3 -Wall -c -fmessage-length=0 -fno-builtin -ffunction-sections -fdata-sections -fno-rtti -fno-exceptions -mcpu=cortex-m3 -mthumb -MMD -MP -MF"src/lab1001.d" -MT"src/lab1001.o" -MT"src/lab1001.d" -o "src/lab1001.o" "../src/lab1001.cpp"
Finished building: ../src/cr_startup_lpc15xx.cpp
Finished building: ../src/crp.c
 
 
Building file: ../src/sysinit.c
Finished building: ../src/Fmutex.cpp
Building file: ../src/syslog.cpp
 
Invoking: MCU C++ Compiler
Invoking: MCU C Compiler
arm-none-eabi-c++ -std=c++11 -D__NEWLIB__ -DDEBUG -D__CODE_RED -DCORE_M3 -D__USE_LPCOPEN -DCPP_USE_HEAP -D__LPC15XX__ -I"C:\Users\Nick\Documents\MCUXpressoIDE_10.0.2_411\workspace\lpc_board_nxp_lpcxpresso_1549\inc" -I"C:\Users\Nick\Documents\MCUXpressoIDE_10.0.2_411\workspace\lpc_chip_15xx\inc" -I"C:\Users\Nick\Documents\MCUXpressoIDE_10.0.2_411\workspace\freertos\inc" -O0 -fno-common -g3 -Wall -c -fmessage-length=0 -fno-builtin -ffunction-sections -fdata-sections -fno-rtti -fno-exceptions -mcpu=cortex-m3 -mthumb -MMD -MP -MF"src/syslog.d" -MT"src/syslog.o" -MT"src/syslog.d" -o "src/syslog.o" "../src/syslog.cpp"
arm-none-eabi-gcc -std=c11 -D__NEWLIB__ -DDEBUG -D__CODE_RED -DCORE_M3 -D__USE_LPCOPEN -DCPP_USE_HEAP -D__LPC15XX__ -I"C:\Users\Nick\Documents\MCUXpressoIDE_10.0.2_411\workspace\lpc_board_nxp_lpcxpresso_1549\inc" -I"C:\Users\Nick\Documents\MCUXpressoIDE_10.0.2_411\workspace\lpc_chip_15xx\inc" -I"C:\Users\Nick\Documents\MCUXpressoIDE_10.0.2_411\workspace\freertos\inc" -O0 -fno-common -g3 -Wall -c -fmessage-length=0 -fno-builtin -ffunction-sections -fdata-sections -mcpu=cortex-m3 -mthumb -MMD -MP -MF"src/sysinit.d" -MT"src/sysinit.o" -MT"src/sysinit.d" -o "src/sysinit.o" "../src/sysinit.c"
Finished building: ../src/sysinit.c
 
Finished building: ../src/lab1001.cpp
 
Finished building: ../src/syslog.cpp
 
Building target: lab1001.axf
Invoking: MCU C++ Linker
arm-none-eabi-c++ -nostdlib -L"C:\Users\Nick\Documents\MCUXpressoIDE_10.0.2_411\workspace\lpc_board_nxp_lpcxpresso_1549\Debug" -L"C:\Users\Nick\Documents\MCUXpressoIDE_10.0.2_411\workspace\lpc_chip_15xx\Debug" -L"C:\Users\Nick\Documents\MCUXpressoIDE_10.0.2_411\workspace\freertos\Debug" -Xlinker -Map="lab1001.map" -Xlinker --gc-sections -Xlinker -print-memory-usage -mcpu=cortex-m3 -mthumb -T "lab1_Debug.ld" -o "lab1001.axf"  ./src/DigitalIOPin.o ./src/Fmutex.o ./src/ITM_write.o ./src/cr_cpp_config.o ./src/cr_startup_lpc15xx.o ./src/crp.o ./src/lab1001.o ./src/sysinit.o ./src/syslog.o   -llpc_board_nxp_lpcxpresso_1549 -llpc_chip_15xx -lfreertos
Memory region         Used Size  Region Size  %age Used
       MFlash256:       35992 B       256 KB     13.73%
      Ram0_16_32:        3056 B        32 KB      9.33%
          Ram2_4:          0 GB         4 KB      0.00%
Finished building target: lab1001.axf
 
make --no-print-directory post-build
Performing post-build steps
arm-none-eabi-size "lab1001.axf"; # arm-none-eabi-objcopy -v -O binary "lab1001.axf" "lab1001.bin" ; # checksum -p LPC1549 -d "lab1001.bin";
   text	   data	    bss	    dec	    hex	filename
  33508	   2484	    572	  36564	   8ed4	lab1001.axf
 

11:35:20 Build Finished (took 2s.896ms)

