12:44:36 **** Incremental Build of configuration Debug for project lab1002 ****
make -r -j4 all 
Building file: ../src/lab1002.cpp
Invoking: MCU C++ Compiler
arm-none-eabi-c++ -std=c++11 -D__NEWLIB__ -DDEBUG -D__CODE_RED -DCORE_M3 -D__USE_LPCOPEN -DCPP_USE_HEAP -D__LPC15XX__ -I"C:\Users\Nick\Documents\MCUXpressoIDE_10.0.2_411\workspace\lpc_board_nxp_lpcxpresso_1549\inc" -I"C:\Users\Nick\Documents\MCUXpressoIDE_10.0.2_411\workspace\lpc_chip_15xx\inc" -I"C:\Users\Nick\Documents\MCUXpressoIDE_10.0.2_411\workspace\freertos\inc" -O0 -fno-common -g3 -Wall -c -fmessage-length=0 -fno-builtin -ffunction-sections -fdata-sections -fno-rtti -fno-exceptions -mcpu=cortex-m3 -mthumb -MMD -MP -MF"src/lab1002.d" -MT"src/lab1002.o" -MT"src/lab1002.d" -o "src/lab1002.o" "../src/lab1002.cpp"
Finished building: ../src/lab1002.cpp
 
Building target: lab1002.axf
Invoking: MCU C++ Linker
arm-none-eabi-c++ -nostdlib -L"C:\Users\Nick\Documents\MCUXpressoIDE_10.0.2_411\workspace\lpc_board_nxp_lpcxpresso_1549\Debug" -L"C:\Users\Nick\Documents\MCUXpressoIDE_10.0.2_411\workspace\lpc_chip_15xx\Debug" -L"C:\Users\Nick\Documents\MCUXpressoIDE_10.0.2_411\workspace\freertos\Debug" -Xlinker -Map="lab1002.map" -Xlinker --gc-sections -Xlinker -print-memory-usage -mcpu=cortex-m3 -mthumb -T "lab1_Debug.ld" -o "lab1002.axf"  ./src/DigitalIOPin.o ./src/Fmutex.o ./src/ITM_write.o ./src/cr_cpp_config.o ./src/cr_startup_lpc15xx.o ./src/crp.o ./src/lab1002.o ./src/sysinit.o ./src/syslog.o   -llpc_board_nxp_lpcxpresso_1549 -llpc_chip_15xx -lfreertos
Memory region         Used Size  Region Size  %age Used
       MFlash256:       18904 B       256 KB      7.21%
      Ram0_16_32:        2680 B        32 KB      8.18%
          Ram2_4:          0 GB         4 KB      0.00%
Finished building target: lab1002.axf
 
make --no-print-directory post-build
Performing post-build steps
arm-none-eabi-size "lab1002.axf"; # arm-none-eabi-objcopy -v -O binary "lab1002.axf" "lab1002.bin" ; # checksum -p LPC1549 -d "lab1002.bin";
   text	   data	    bss	    dec	    hex	filename
  16784	   2120	    560	  19464	   4c08	lab1002.axf
 

12:44:38 Build Finished (took 1s.145ms)

