12:11:04 **** Build of configuration Debug for project lab2 ****
make -r -j4 all 
Building target: lab2.axf
Invoking: MCU C++ Linker
arm-none-eabi-c++ -nostdlib -L"C:\Users\Nick\Documents\MCUXpressoIDE_10.0.2_411\workspace\lpc_board_nxp_lpcxpresso_1549\Debug" -L"C:\Users\Nick\Documents\MCUXpressoIDE_10.0.2_411\workspace\lpc_chip_15xx\Debug" -L"C:\Users\Nick\Documents\MCUXpressoIDE_10.0.2_411\workspace\freertos\Debug" -Xlinker -Map="lab2.map" -Xlinker --gc-sections -Xlinker -print-memory-usage -mcpu=cortex-m3 -mthumb -T "lab1_Debug.ld" -o "lab2.axf"  ./src/DigitalIOPin.o ./src/Fmutex.o ./src/cr_cpp_config.o ./src/cr_startup_lpc15xx.o ./src/crp.o ./src/lab2.o ./src/sysinit.o ./src/syslog.o   -llpc_board_nxp_lpcxpresso_1549 -llpc_chip_15xx -lfreertos
Memory region         Used Size  Region Size  %age Used
       MFlash256:       18040 B       256 KB      6.88%
      Ram0_16_32:        2624 B        32 KB      8.01%
          Ram2_4:          0 GB         4 KB      0.00%
Finished building target: lab2.axf
 
make --no-print-directory post-build
Performing post-build steps
arm-none-eabi-size "lab2.axf"; # arm-none-eabi-objcopy -v -O binary "lab2.axf" "lab2.bin" ; # checksum -p LPC1549 -d "lab2.bin";
   text	   data	    bss	    dec	    hex	filename
  15920	   2120	    504	  18544	   4870	lab2.axf
 

12:11:05 Build Finished (took 527ms)

