12:11:02 **** Build of configuration Debug for project lab302 ****
make -r -j4 all 
Building target: lab302.axf
Invoking: MCU C++ Linker
arm-none-eabi-c++ -nostdlib -L"C:\Users\Nick\Documents\MCUXpressoIDE_10.0.2_411\workspace\lpc_board_nxp_lpcxpresso_1549\Debug" -L"C:\Users\Nick\Documents\MCUXpressoIDE_10.0.2_411\workspace\lpc_chip_15xx\Debug" -L"C:\Users\Nick\Documents\MCUXpressoIDE_10.0.2_411\workspace\freertos\Debug" -Xlinker -Map="lab302.map" -Xlinker --gc-sections -Xlinker -print-memory-usage -mcpu=cortex-m3 -mthumb -T "lab1_Debug.ld" -o "lab302.axf"  ./src/DigitalIOPin.o ./src/Fmutex.o ./src/cr_cpp_config.o ./src/cr_startup_lpc15xx.o ./src/crp.o ./src/lab302.o ./src/sysinit.o ./src/syslog.o   -llpc_board_nxp_lpcxpresso_1549 -llpc_chip_15xx -lfreertos
Memory region         Used Size  Region Size  %age Used
       MFlash256:       37704 B       256 KB     14.38%
      Ram0_16_32:        2988 B        32 KB      9.12%
          Ram2_4:          0 GB         4 KB      0.00%
Finished building target: lab302.axf
 
make --no-print-directory post-build
Performing post-build steps
arm-none-eabi-size "lab302.axf"; # arm-none-eabi-objcopy -v -O binary "lab302.axf" "lab302.bin" ; # checksum -p LPC1549 -d "lab302.bin";
   text	   data	    bss	    dec	    hex	filename
  35220	   2484	    504	  38208	   9540	lab302.axf
 

12:11:03 Build Finished (took 554ms)

