12:11:01 **** Build of configuration Debug for project lab303 ****
make -r -j4 all 
Building target: lab303.axf
Invoking: MCU C++ Linker
arm-none-eabi-c++ -nostdlib -L"C:\Users\Nick\Documents\MCUXpressoIDE_10.0.2_411\workspace\lpc_board_nxp_lpcxpresso_1549\Debug" -L"C:\Users\Nick\Documents\MCUXpressoIDE_10.0.2_411\workspace\lpc_chip_15xx\Debug" -L"C:\Users\Nick\Documents\MCUXpressoIDE_10.0.2_411\workspace\freertos\Debug" -Xlinker -Map="lab303.map" -Xlinker --gc-sections -Xlinker -print-memory-usage -mcpu=cortex-m3 -mthumb -T "lab1_Debug.ld" -o "lab303.axf"  ./src/DigitalIOPin.o ./src/Fmutex.o ./src/ITM_write.o ./src/cr_cpp_config.o ./src/cr_startup_lpc15xx.o ./src/crp.o ./src/lab303.o ./src/sysinit.o ./src/syslog.o   -llpc_board_nxp_lpcxpresso_1549 -llpc_chip_15xx -lfreertos
Memory region         Used Size  Region Size  %age Used
       MFlash256:       35192 B       256 KB     13.42%
      Ram0_16_32:        2996 B        32 KB      9.14%
          Ram2_4:          0 GB         4 KB      0.00%
Finished building target: lab303.axf
 
make --no-print-directory post-build
Performing post-build steps
arm-none-eabi-size "lab303.axf"; # arm-none-eabi-objcopy -v -O binary "lab303.axf" "lab303.bin" ; # checksum -p LPC1549 -d "lab303.bin";
   text	   data	    bss	    dec	    hex	filename
  32700	   2492	    504	  35696	   8b70	lab303.axf
 

12:11:01 Build Finished (took 560ms)

