12:10:57 **** Build of configuration Debug for project lab403 ****
make -r -j4 all 
Building target: lab403.axf
Invoking: MCU C++ Linker
arm-none-eabi-c++ -nostdlib -L"C:\Users\Nick\Documents\MCUXpressoIDE_10.0.2_411\workspace\lpc_board_nxp_lpcxpresso_1549\Debug" -L"C:\Users\Nick\Documents\MCUXpressoIDE_10.0.2_411\workspace\lpc_chip_15xx\Debug" -L"C:\Users\Nick\Documents\MCUXpressoIDE_10.0.2_411\workspace\freertos\Debug" -Xlinker -Map="lab403.map" -Xlinker --gc-sections -Xlinker -print-memory-usage -mcpu=cortex-m3 -mthumb -T "lab403_Debug.ld" -o "lab403.axf"  ./src/DigitalIOPin.o ./src/Fmutex.o ./src/ITM_write.o ./src/cr_cpp_config.o ./src/cr_startup_lpc15xx.o ./src/crp.o ./src/lab403.o ./src/sysinit.o ./src/syslog.o   -llpc_board_nxp_lpcxpresso_1549 -llpc_chip_15xx -lfreertos
Memory region         Used Size  Region Size  %age Used
       MFlash256:       35592 B       256 KB     13.58%
      Ram0_16_32:        2996 B        32 KB      9.14%
          Ram2_4:          0 GB         4 KB      0.00%
Finished building target: lab403.axf
 
make --no-print-directory post-build
Performing post-build steps
arm-none-eabi-size "lab403.axf"; # arm-none-eabi-objcopy -v -O binary "lab403.axf" "lab403.bin" ; # checksum -p LPC1549 -d "lab403.bin";
   text	   data	    bss	    dec	    hex	filename
  33108	   2484	    512	  36104	   8d08	lab403.axf
 

12:10:58 Build Finished (took 605ms)

