14:50:38 **** Incremental Build of configuration Debug for project lab802 ****
make -r -j4 all 
Building file: ../src/lab802.cpp
Invoking: MCU C++ Compiler
arm-none-eabi-c++ -std=c++11 -D__NEWLIB__ -DDEBUG -D__CODE_RED -DCORE_M3 -D__USE_LPCOPEN -DCPP_USE_HEAP -D__LPC15XX__ -I"C:\Users\Nick\Documents\MCUXpressoIDE_10.0.2_411\workspace\lpc_board_nxp_lpcxpresso_1549\inc" -I"C:\Users\Nick\Documents\MCUXpressoIDE_10.0.2_411\workspace\lpc_chip_15xx\inc" -I"C:\Users\Nick\Documents\MCUXpressoIDE_10.0.2_411\workspace\freertos\inc" -O0 -fno-common -g3 -Wall -c -fmessage-length=0 -fno-builtin -ffunction-sections -fdata-sections -fno-rtti -fno-exceptions -mcpu=cortex-m3 -mthumb -MMD -MP -MF"src/lab802.d" -MT"src/lab802.o" -MT"src/lab802.d" -o "src/lab802.o" "../src/lab802.cpp"
../src/lab802.cpp: In function 'void vSetCommandTask(void*)':
../src/lab802.cpp:143:7: warning: unused variable 'numBuf' [-Wunused-variable]
  char numBuf[15];
       ^
../src/lab802.cpp:147:7: warning: unused variable 'a' [-Wunused-variable]
  char a;
       ^
../src/lab802.cpp:153:6: warning: unused variable 'begin' [-Wunused-variable]
  int begin = 0;
      ^
Finished building: ../src/lab802.cpp
 
Building target: lab802.axf
Invoking: MCU C++ Linker
arm-none-eabi-c++ -nostdlib -L"C:\Users\Nick\Documents\MCUXpressoIDE_10.0.2_411\workspace\lpc_board_nxp_lpcxpresso_1549\Debug" -L"C:\Users\Nick\Documents\MCUXpressoIDE_10.0.2_411\workspace\lpc_chip_15xx\Debug" -L"C:\Users\Nick\Documents\MCUXpressoIDE_10.0.2_411\workspace\freertos\Debug" -Xlinker -Map="lab802.map" -Xlinker --gc-sections -Xlinker -print-memory-usage -mcpu=cortex-m3 -mthumb -T "lab1_Debug.ld" -o "lab802.axf"  ./src/DigitalIOPin.o ./src/Fmutex.o ./src/ITM_write.o ./src/cr_cpp_config.o ./src/cr_startup_lpc15xx.o ./src/crp.o ./src/lab802.o ./src/sysinit.o ./src/syslog.o   -llpc_board_nxp_lpcxpresso_1549 -llpc_chip_15xx -lfreertos
Memory region         Used Size  Region Size  %age Used
       MFlash256:       37876 B       256 KB     14.45%
      Ram0_16_32:        2940 B        32 KB      8.97%
          Ram2_4:          0 GB         4 KB      0.00%
Finished building target: lab802.axf
 
make --no-print-directory post-build
Performing post-build steps
arm-none-eabi-size "lab802.axf"; # arm-none-eabi-objcopy -v -O binary "lab802.axf" "lab802.bin" ; # checksum -p LPC1549 -d "lab802.bin";
   text	   data	    bss	    dec	    hex	filename
  35388	   2488	    452	  38328	   95b8	lab802.axf
 

14:50:39 Build Finished (took 1s.69ms)

