13:15:40 **** Incremental Build of configuration Debug for project lab803 ****
make -r -j4 all 
Building file: ../src/lab803.cpp
Invoking: MCU C++ Compiler
arm-none-eabi-c++ -std=c++11 -D__NEWLIB__ -DDEBUG -D__CODE_RED -DCORE_M3 -D__USE_LPCOPEN -DCPP_USE_HEAP -D__LPC15XX__ -I"C:\Users\Nick\Documents\MCUXpressoIDE_10.0.2_411\workspace\lpc_board_nxp_lpcxpresso_1549\inc" -I"C:\Users\Nick\Documents\MCUXpressoIDE_10.0.2_411\workspace\lpc_chip_15xx\inc" -I"C:\Users\Nick\Documents\MCUXpressoIDE_10.0.2_411\workspace\freertos\inc" -O0 -fno-common -g3 -Wall -c -fmessage-length=0 -fno-builtin -ffunction-sections -fdata-sections -fno-rtti -fno-exceptions -mcpu=cortex-m3 -mthumb -MMD -MP -MF"src/lab803.d" -MT"src/lab803.o" -MT"src/lab803.d" -o "src/lab803.o" "../src/lab803.cpp"
Finished building: ../src/lab803.cpp
 
Building target: lab803.axf
Invoking: MCU C++ Linker
arm-none-eabi-c++ -nostdlib -L"C:\Users\Nick\Documents\MCUXpressoIDE_10.0.2_411\workspace\lpc_board_nxp_lpcxpresso_1549\Debug" -L"C:\Users\Nick\Documents\MCUXpressoIDE_10.0.2_411\workspace\lpc_chip_15xx\Debug" -L"C:\Users\Nick\Documents\MCUXpressoIDE_10.0.2_411\workspace\freertos\Debug" -Xlinker -Map="lab803.map" -Xlinker --gc-sections -Xlinker -print-memory-usage -mcpu=cortex-m3 -mthumb -T "lab1_Debug.ld" -o "lab803.axf"  ./src/DigitalIOPin.o ./src/Fmutex.o ./src/ITM_write.o ./src/cr_cpp_config.o ./src/cr_startup_lpc15xx.o ./src/crp.o ./src/lab803.o ./src/sysinit.o ./src/syslog.o   -llpc_board_nxp_lpcxpresso_1549 -llpc_chip_15xx -lfreertos
Memory region         Used Size  Region Size  %age Used
       MFlash256:       36936 B       256 KB     14.09%
      Ram0_16_32:        3040 B        32 KB      9.28%
          Ram2_4:          0 GB         4 KB      0.00%
Finished building target: lab803.axf
 
make --no-print-directory post-build
Performing post-build steps
arm-none-eabi-size "lab803.axf"; # arm-none-eabi-objcopy -v -O binary "lab803.axf" "lab803.bin" ; # checksum -p LPC1549 -d "lab803.bin";
   text	   data	    bss	    dec	    hex	filename
  34456	   2480	    560	  37496	   9278	lab803.axf
 

13:15:41 Build Finished (took 1s.57ms)

