13:36:23 **** Incremental Build of configuration Debug for project lab902 ****
make -r -j4 all 
Building file: ../src/lab902.cpp
Invoking: MCU C++ Compiler
arm-none-eabi-c++ -std=c++11 -D__NEWLIB__ -DDEBUG -D__CODE_RED -DCORE_M3 -D__USE_LPCOPEN -DCPP_USE_HEAP -D__LPC15XX__ -I"C:\Users\Nick\Documents\MCUXpressoIDE_10.0.2_411\workspace\lpc_board_nxp_lpcxpresso_1549\inc" -I"C:\Users\Nick\Documents\MCUXpressoIDE_10.0.2_411\workspace\lpc_chip_15xx\inc" -I"C:\Users\Nick\Documents\MCUXpressoIDE_10.0.2_411\workspace\freertos\inc" -O0 -fno-common -g3 -Wall -c -fmessage-length=0 -fno-builtin -ffunction-sections -fdata-sections -fno-rtti -fno-exceptions -mcpu=cortex-m3 -mthumb -MMD -MP -MF"src/lab902.d" -MT"src/lab902.o" -MT"src/lab902.d" -o "src/lab902.o" "../src/lab902.cpp"
../src/lab902.cpp: In function 'void vTask1(void*)':
../src/lab902.cpp:58:14: warning: unused variable 'eBit' [-Wunused-variable]
  EventBits_t eBit;
              ^
../src/lab902.cpp: In function 'void vTask2(void*)':
../src/lab902.cpp:95:14: warning: unused variable 'eBit' [-Wunused-variable]
  EventBits_t eBit;
              ^
../src/lab902.cpp: In function 'void vTask3(void*)':
../src/lab902.cpp:134:14: warning: variable 'eBit' set but not used [-Wunused-but-set-variable]
  EventBits_t eBit;
              ^
../src/lab902.cpp:140:6: warning: unused variable 'debug_ticks' [-Wunused-variable]
  int debug_ticks = 0;
      ^
Finished building: ../src/lab902.cpp
 
Building target: lab902.axf
Invoking: MCU C++ Linker
arm-none-eabi-c++ -nostdlib -L"C:\Users\Nick\Documents\MCUXpressoIDE_10.0.2_411\workspace\lpc_board_nxp_lpcxpresso_1549\Debug" -L"C:\Users\Nick\Documents\MCUXpressoIDE_10.0.2_411\workspace\lpc_chip_15xx\Debug" -L"C:\Users\Nick\Documents\MCUXpressoIDE_10.0.2_411\workspace\freertos\Debug" -Xlinker -Map="lab902.map" -Xlinker --gc-sections -Xlinker -print-memory-usage -mcpu=cortex-m3 -mthumb -T "lab1_Debug.ld" -o "lab902.axf"  ./src/DigitalIOPin.o ./src/Fmutex.o ./src/ITM_write.o ./src/cr_cpp_config.o ./src/cr_startup_lpc15xx.o ./src/crp.o ./src/lab902.o ./src/sysinit.o ./src/syslog.o   -llpc_board_nxp_lpcxpresso_1549 -llpc_chip_15xx -lfreertos
Memory region         Used Size  Region Size  %age Used
       MFlash256:       35456 B       256 KB     13.53%
      Ram0_16_32:        2988 B        32 KB      9.12%
          Ram2_4:          0 GB         4 KB      0.00%
Finished building target: lab902.axf
 
make --no-print-directory post-build
Performing post-build steps
arm-none-eabi-size "lab902.axf"; # arm-none-eabi-objcopy -v -O binary "lab902.axf" "lab902.bin" ; # checksum -p LPC1549 -d "lab902.bin";
   text	   data	    bss	    dec	    hex	filename
  32972	   2484	    504	  35960	   8c78	lab902.axf
 

13:36:24 Build Finished (took 1s.87ms)

